../../../../../Drivers/CMSIS/Include/core_cm4.h:1933:34:__NVIC_SystemReset	4	static,ignoring_inline_asm
../LoRaWAN/App/lora_at.c:170:12:AT_return_ok	16	static
../LoRaWAN/App/lora_at.c:175:12:AT_return_error	16	static
../LoRaWAN/App/lora_at.c:181:6:AT_event_join	16	static
../LoRaWAN/App/lora_at.c:199:6:AT_event_receive	80	static
../LoRaWAN/App/lora_at.c:248:6:AT_event_confirm	16	static
../LoRaWAN/App/lora_at.c:263:12:AT_reset	16	static
../LoRaWAN/App/lora_at.c:274:12:AT_verbose_get	16	static
../LoRaWAN/App/lora_at.c:286:12:AT_verbose_set	24	static
../LoRaWAN/App/lora_at.c:314:12:AT_LocalTime_get	96	static
../LoRaWAN/App/lora_at.c:338:12:AT_JoinEUI_get	24	static
../LoRaWAN/App/lora_at.c:356:12:AT_JoinEUI_set	48	static
../LoRaWAN/App/lora_at.c:380:12:AT_NwkKey_get	32	static
../LoRaWAN/App/lora_at.c:398:12:AT_NwkKey_set	32	static
../LoRaWAN/App/lora_at.c:420:12:AT_AppKey_get	32	static
../LoRaWAN/App/lora_at.c:438:12:AT_AppKey_set	32	static
../LoRaWAN/App/lora_at.c:460:12:AT_NwkSKey_get	32	static
../LoRaWAN/App/lora_at.c:478:12:AT_NwkSKey_set	32	static
../LoRaWAN/App/lora_at.c:500:12:AT_AppSKey_get	32	static
../LoRaWAN/App/lora_at.c:518:12:AT_AppSKey_set	32	static
../LoRaWAN/App/lora_at.c:540:12:AT_DevAddr_get	24	static
../LoRaWAN/App/lora_at.c:558:12:AT_DevAddr_set	24	static
../LoRaWAN/App/lora_at.c:580:12:AT_DevEUI_get	24	static
../LoRaWAN/App/lora_at.c:598:12:AT_DevEUI_set	48	static
../LoRaWAN/App/lora_at.c:622:12:AT_NetworkID_get	24	static
../LoRaWAN/App/lora_at.c:640:12:AT_NetworkID_set	24	static
../LoRaWAN/App/lora_at.c:664:12:AT_Join	16	static
../LoRaWAN/App/lora_at.c:687:12:AT_Link_Check	16	static
../LoRaWAN/App/lora_at.c:703:12:AT_Send	48	static
../LoRaWAN/App/lora_at.c:830:12:AT_version_get	32	static
../LoRaWAN/App/lora_at.c:859:12:AT_ADR_get	24	static
../LoRaWAN/App/lora_at.c:877:12:AT_ADR_set	16	static
../LoRaWAN/App/lora_at.c:898:12:AT_DataRate_get	24	static
../LoRaWAN/App/lora_at.c:916:12:AT_DataRate_set	24	static
../LoRaWAN/App/lora_at.c:943:12:AT_Region_get	80	static
../LoRaWAN/App/lora_at.c:967:12:AT_Region_set	24	static
../LoRaWAN/App/lora_at.c:993:12:AT_DeviceClass_get	32	static
../LoRaWAN/App/lora_at.c:1048:12:AT_DeviceClass_set	24	static
../LoRaWAN/App/lora_at.c:1102:12:AT_DutyCycle_get	24	static
../LoRaWAN/App/lora_at.c:1120:12:AT_DutyCycle_set	16	static
../LoRaWAN/App/lora_at.c:1141:12:AT_JoinAcceptDelay1_get	24	static
../LoRaWAN/App/lora_at.c:1159:12:AT_JoinAcceptDelay1_set	24	static
../LoRaWAN/App/lora_at.c:1180:12:AT_JoinAcceptDelay2_get	24	static
../LoRaWAN/App/lora_at.c:1198:12:AT_JoinAcceptDelay2_set	24	static
../LoRaWAN/App/lora_at.c:1219:12:AT_Rx1Delay_get	24	static
../LoRaWAN/App/lora_at.c:1237:12:AT_Rx1Delay_set	24	static
../LoRaWAN/App/lora_at.c:1258:12:AT_Rx2Delay_get	24	static
../LoRaWAN/App/lora_at.c:1276:12:AT_Rx2Delay_set	24	static
../LoRaWAN/App/lora_at.c:1297:12:AT_Rx2DataRate_get	24	static
../LoRaWAN/App/lora_at.c:1311:12:AT_Rx2DataRate_set	24	static
../LoRaWAN/App/lora_at.c:1341:12:AT_Rx2Frequency_get	24	static
../LoRaWAN/App/lora_at.c:1355:12:AT_Rx2Frequency_set	24	static
../LoRaWAN/App/lora_at.c:1381:12:AT_TransmitPower_get	24	static
../LoRaWAN/App/lora_at.c:1399:12:AT_TransmitPower_set	24	static
../LoRaWAN/App/lora_at.c:1421:12:AT_PingSlot_get	24	static
../LoRaWAN/App/lora_at.c:1440:12:AT_PingSlot_set	24	static
../LoRaWAN/App/lora_at.c:1467:12:AT_test_txTone	16	static
../LoRaWAN/App/lora_at.c:1485:12:AT_test_rxRssi	16	static
../LoRaWAN/App/lora_at.c:1503:12:AT_test_get_config	176	static
../LoRaWAN/App/lora_at.c:1560:12:AT_test_set_config	168	static
../LoRaWAN/App/lora_at.c:1773:12:AT_test_tx	24	static
../LoRaWAN/App/lora_at.c:1800:12:AT_test_rx	24	static
../LoRaWAN/App/lora_at.c:1826:12:AT_Certif	24	static
../LoRaWAN/App/lora_at.c:1853:12:AT_test_tx_hopping	112	static
../LoRaWAN/App/lora_at.c:1915:12:AT_test_stop	16	static
../LoRaWAN/App/lora_at.c:1928:12:AT_write_register	24	static
../LoRaWAN/App/lora_at.c:1960:12:AT_read_register	32	static
../LoRaWAN/App/lora_at.c:1990:12:AT_bat_get	16	static
../LoRaWAN/App/lora_at.c:2008:16:sscanf_uint32_as_hhx	24	static
../LoRaWAN/App/lora_at.c:2023:12:sscanf_16_hhx	120	static
../LoRaWAN/App/lora_at.c:2037:13:print_uint32_as_02x	32	static
../LoRaWAN/App/lora_at.c:2052:13:print_16_02x	128	static
../LoRaWAN/App/lora_at.c:2067:13:print_8_02x	64	static
../LoRaWAN/App/lora_at.c:2079:13:print_d	24	static
../LoRaWAN/App/lora_at.c:2090:13:print_u	24	static
../LoRaWAN/App/lora_at.c:2101:13:OnCertifTimer	16	static
../LoRaWAN/App/lora_at.c:2112:13:CertifSend	8	static
../LoRaWAN/App/lora_at.c:2129:16:Char2Nibble	16	static
../LoRaWAN/App/lora_at.c:2152:16:stringToData	40	static
../LoRaWAN/App/lora_at.c:2186:16:isHex	16	static
