Archive member included to satisfy reference by file (symbol)

C:/ST/STM32CubeIDE_1.13.1/STM32CubeIDE/plugins/com.st.stm32cube.ide.mcu.externaltools.gnu-tools-for-stm32.11.3.rel1.win32_1.1.0.202305231506/tools/bin/../lib/gcc/arm-none-eabi/11.3.1/../../../../arm-none-eabi/lib/thumb/v7e-m/nofp\libc_nano.a(libc_a-exit.o)
                              C:/ST/STM32CubeIDE_1.13.1/STM32CubeIDE/plugins/com.st.stm32cube.ide.mcu.externaltools.gnu-tools-for-stm32.11.3.rel1.win32_1.1.0.202305231506/tools/bin/../lib/gcc/arm-none-eabi/11.3.1/../../../../arm-none-eabi/lib/thumb/v7e-m/nofp/crt0.o (exit)
C:/ST/STM32CubeIDE_1.13.1/STM32CubeIDE/plugins/com.st.stm32cube.ide.mcu.externaltools.gnu-tools-for-stm32.11.3.rel1.win32_1.1.0.202305231506/tools/bin/../lib/gcc/arm-none-eabi/11.3.1/../../../../arm-none-eabi/lib/thumb/v7e-m/nofp\libc_nano.a(libc_a-findfp.o)
                              C:/ST/STM32CubeIDE_1.13.1/STM32CubeIDE/plugins/com.st.stm32cube.ide.mcu.externaltools.gnu-tools-for-stm32.11.3.rel1.win32_1.1.0.202305231506/tools/bin/../lib/gcc/arm-none-eabi/11.3.1/../../../../arm-none-eabi/lib/thumb/v7e-m/nofp\libc_nano.a(libc_a-exit.o) (__stdio_exit_handler)
C:/ST/STM32CubeIDE_1.13.1/STM32CubeIDE/plugins/com.st.stm32cube.ide.mcu.externaltools.gnu-tools-for-stm32.11.3.rel1.win32_1.1.0.202305231506/tools/bin/../lib/gcc/arm-none-eabi/11.3.1/../../../../arm-none-eabi/lib/thumb/v7e-m/nofp\libc_nano.a(libc_a-fwalk.o)
                              C:/ST/STM32CubeIDE_1.13.1/STM32CubeIDE/plugins/com.st.stm32cube.ide.mcu.externaltools.gnu-tools-for-stm32.11.3.rel1.win32_1.1.0.202305231506/tools/bin/../lib/gcc/arm-none-eabi/11.3.1/../../../../arm-none-eabi/lib/thumb/v7e-m/nofp\libc_nano.a(libc_a-findfp.o) (_fwalk_sglue)
C:/ST/STM32CubeIDE_1.13.1/STM32CubeIDE/plugins/com.st.stm32cube.ide.mcu.externaltools.gnu-tools-for-stm32.11.3.rel1.win32_1.1.0.202305231506/tools/bin/../lib/gcc/arm-none-eabi/11.3.1/../../../../arm-none-eabi/lib/thumb/v7e-m/nofp\libc_nano.a(libc_a-stdio.o)
                              C:/ST/STM32CubeIDE_1.13.1/STM32CubeIDE/plugins/com.st.stm32cube.ide.mcu.externaltools.gnu-tools-for-stm32.11.3.rel1.win32_1.1.0.202305231506/tools/bin/../lib/gcc/arm-none-eabi/11.3.1/../../../../arm-none-eabi/lib/thumb/v7e-m/nofp\libc_nano.a(libc_a-findfp.o) (__sread)
C:/ST/STM32CubeIDE_1.13.1/STM32CubeIDE/plugins/com.st.stm32cube.ide.mcu.externaltools.gnu-tools-for-stm32.11.3.rel1.win32_1.1.0.202305231506/tools/bin/../lib/gcc/arm-none-eabi/11.3.1/../../../../arm-none-eabi/lib/thumb/v7e-m/nofp\libc_nano.a(libc_a-memset.o)
                              C:/ST/STM32CubeIDE_1.13.1/STM32CubeIDE/plugins/com.st.stm32cube.ide.mcu.externaltools.gnu-tools-for-stm32.11.3.rel1.win32_1.1.0.202305231506/tools/bin/../lib/gcc/arm-none-eabi/11.3.1/../../../../arm-none-eabi/lib/thumb/v7e-m/nofp/crt0.o (memset)
C:/ST/STM32CubeIDE_1.13.1/STM32CubeIDE/plugins/com.st.stm32cube.ide.mcu.externaltools.gnu-tools-for-stm32.11.3.rel1.win32_1.1.0.202305231506/tools/bin/../lib/gcc/arm-none-eabi/11.3.1/../../../../arm-none-eabi/lib/thumb/v7e-m/nofp\libc_nano.a(libc_a-strncmp.o)
                              ./LoRaWAN/App/lora_command.o (strncmp)
C:/ST/STM32CubeIDE_1.13.1/STM32CubeIDE/plugins/com.st.stm32cube.ide.mcu.externaltools.gnu-tools-for-stm32.11.3.rel1.win32_1.1.0.202305231506/tools/bin/../lib/gcc/arm-none-eabi/11.3.1/../../../../arm-none-eabi/lib/thumb/v7e-m/nofp\libc_nano.a(libc_a-closer.o)
                              C:/ST/STM32CubeIDE_1.13.1/STM32CubeIDE/plugins/com.st.stm32cube.ide.mcu.externaltools.gnu-tools-for-stm32.11.3.rel1.win32_1.1.0.202305231506/tools/bin/../lib/gcc/arm-none-eabi/11.3.1/../../../../arm-none-eabi/lib/thumb/v7e-m/nofp\libc_nano.a(libc_a-stdio.o) (_close_r)
C:/ST/STM32CubeIDE_1.13.1/STM32CubeIDE/plugins/com.st.stm32cube.ide.mcu.externaltools.gnu-tools-for-stm32.11.3.rel1.win32_1.1.0.202305231506/tools/bin/../lib/gcc/arm-none-eabi/11.3.1/../../../../arm-none-eabi/lib/thumb/v7e-m/nofp\libc_nano.a(libc_a-reent.o)
                              C:/ST/STM32CubeIDE_1.13.1/STM32CubeIDE/plugins/com.st.stm32cube.ide.mcu.externaltools.gnu-tools-for-stm32.11.3.rel1.win32_1.1.0.202305231506/tools/bin/../lib/gcc/arm-none-eabi/11.3.1/../../../../arm-none-eabi/lib/thumb/v7e-m/nofp\libc_nano.a(libc_a-closer.o) (errno)
C:/ST/STM32CubeIDE_1.13.1/STM32CubeIDE/plugins/com.st.stm32cube.ide.mcu.externaltools.gnu-tools-for-stm32.11.3.rel1.win32_1.1.0.202305231506/tools/bin/../lib/gcc/arm-none-eabi/11.3.1/../../../../arm-none-eabi/lib/thumb/v7e-m/nofp\libc_nano.a(libc_a-impure.o)
                              C:/ST/STM32CubeIDE_1.13.1/STM32CubeIDE/plugins/com.st.stm32cube.ide.mcu.externaltools.gnu-tools-for-stm32.11.3.rel1.win32_1.1.0.202305231506/tools/bin/../lib/gcc/arm-none-eabi/11.3.1/../../../../arm-none-eabi/lib/thumb/v7e-m/nofp\libc_nano.a(libc_a-reent.o) (_impure_ptr)
[...]
Memory Configuration

Name             Origin             Length             Attributes
RAM1             0x0000000020000000 0x0000000000008000 xrw
RAM2             0x0000000020008000 0x0000000000008000 xrw
FLASH            0x0000000008000000 0x0000000000040000 xr
*default*        0x0000000000000000 0xffffffffffffffff

Linker script and memory map

LOAD C:/ST/STM32CubeIDE_1.13.1/STM32CubeIDE/plugins/com.st.stm32cube.ide.mcu.externaltools.gnu-tools-for-stm32.11.3.rel1.win32_1.1.0.202305231506/tools/bin/../lib/gcc/arm-none-eabi/11.3.1/thumb/v7e-m/nofp/crti.o
LOAD C:/ST/STM32CubeIDE_1.13.1/STM32CubeIDE/plugins/com.st.stm32cube.ide.mcu.externaltools.gnu-tools-for-stm32.11.3.rel1.win32_1.1.0.202305231506/tools/bin/../lib/gcc/arm-none-eabi/11.3.1/thumb/v7e-m/nofp/crtbegin.o
LOAD C:/ST/STM32CubeIDE_1.13.1/STM32CubeIDE/plugins/com.st.stm32cube.ide.mcu.externaltools.gnu-tools-for-stm32.11.3.rel1.win32_1.1.0.202305231506/tools/bin/../lib/gcc/arm-none-eabi/11.3.1/../../../../arm-none-eabi/lib/thumb/v7e-m/nofp/crt0.o
LOAD ./Core/Src/adc.o
LOAD ./Core/Src/adc_if.o
LOAD ./Core/Src/app_freertos.o
LOAD ./Core/Src/dma.o
LOAD ./Core/Src/main.o
LOAD ./Core/Src/rtc.o
LOAD ./Core/Src/stm32_lpm_if.o
LOAD ./Core/Src/stm32wlxx_hal_msp.o
LOAD ./Core/Src/stm32wlxx_it.o
LOAD ./Core/Src/subghz.o
LOAD ./Core/Src/sys_app.o
LOAD ./Core/Src/sys_debug.o
LOAD ./Core/Src/sys_sensors.o
LOAD ./Core/Src/syscalls.o
LOAD ./Core/Src/sysmem.o
LOAD ./Core/Src/system_stm32wlxx.o
LOAD ./Core/Src/timer_if.o
LOAD ./Core/Src/usart.o
LOAD ./Core/Src/usart_if.o
LOAD ./Core/Startup/startup_stm32wle5jcix.o
LOAD ./LoRaWAN/App/CayenneLpp.o
LOAD ./LoRaWAN/App/app_lorawan.o
LOAD ./LoRaWAN/App/lora_app.o
LOAD ./LoRaWAN/App/lora_at.o
LOAD ./LoRaWAN/App/lora_command.o
LOAD ./LoRaWAN/App/lora_info.o
LOAD ./LoRaWAN/App/test_rf.o
LOAD ./LoRaWAN/Target/radio_board_if.o
START GROUP
LOAD C:/ST/STM32CubeIDE_1.13.1/STM32CubeIDE/plugins/com.st.stm32cube.ide.mcu.externaltools.gnu-tools-for-stm32.11.3.rel1.win32_1.1.0.202305231506/tools/bin/../lib/gcc/arm-none-eabi/11.3.1/../../../../arm-none-eabi/lib/thumb/v7e-m/nofp\libc_nano.a
LOAD C:/ST/STM32CubeIDE_1.13.1/STM32CubeIDE/plugins/com.st.stm32cube.ide.mcu.externaltools.gnu-tools-for-stm32.11.3.rel1.win32_1.1.0.202305231506/tools/bin/../lib/gcc/arm-none-eabi/11.3.1/../../../../arm-none-eabi/lib/thumb/v7e-m/nofp\libm.a
END GROUP
START GROUP
LOAD C:/ST/STM32CubeIDE_1.13.1/STM32CubeIDE/plugins/com.st.stm32cube.ide.mcu.externaltools.gnu-tools-for-stm32.11.3.rel1.win32_1.1.0.202305231506/tools/bin/../lib/gcc/arm-none-eabi/11.3.1/thumb/v7e-m/nofp\libgcc.a
LOAD C:/ST/STM32CubeIDE_1.13.1/STM32CubeIDE/plugins/com.st.stm32cube.ide.mcu.externaltools.gnu-tools-for-stm32.11.3.rel1.win32_1.1.0.202305231506/tools/bin/../lib/gcc/arm-none-eabi/11.3.1/../../../../arm-none-eabi/lib/thumb/v7e-m/nofp\libc_nano.a
END GROUP
START GROUP
LOAD C:/ST/STM32CubeIDE_1.13.1/STM32CubeIDE/plugins/com.st.stm32cube.ide.mcu.externaltools.gnu-tools-for-stm32.11.3.rel1.win32_1.1.0.202305231506/tools/bin/../lib/gcc/arm-none-eabi/11.3.1/thumb/v7e-m/nofp\libgcc.a
LOAD C:/ST/STM32CubeIDE_1.13.1/STM32CubeIDE/plugins/com.st.stm32cube.ide.mcu.externaltools.gnu-tools-for-stm32.11.3.rel1.win32_1.1.0.202305231506/tools/bin/../lib/gcc/arm-none-eabi/11.3.1/../../../../arm-none-eabi/lib/thumb/v7e-m/nofp\libc_nano.a
LOAD C:/ST/STM32CubeIDE_1.13.1/STM32CubeIDE/plugins/com.st.stm32cube.ide.mcu.externaltools.gnu-tools-for-stm32.11.3.rel1.win32_1.1.0.202305231506/tools/bin/../lib/gcc/arm-none-eabi/11.3.1/../../../../arm-none-eabi/lib/thumb/v7e-m/nofp\libnosys.a
END GROUP
START GROUP
LOAD C:/ST/STM32CubeIDE_1.13.1/STM32CubeIDE/plugins/com.st.stm32cube.ide.mcu.externaltools.gnu-tools-for-stm32.11.3.rel1.win32_1.1.0.202305231506/tools/bin/../lib/gcc/arm-none-eabi/11.3.1/thumb/v7e-m/nofp\libgcc.a
LOAD C:/ST/STM32CubeIDE_1.13.1/STM32CubeIDE/plugins/com.st.stm32cube.ide.mcu.externaltools.gnu-tools-for-stm32.11.3.rel1.win32_1.1.0.202305231506/tools/bin/../lib/gcc/arm-none-eabi/11.3.1/../../../../arm-none-eabi/lib/thumb/v7e-m/nofp\libc_nano.a
LOAD C:/ST/STM32CubeIDE_1.13.1/STM32CubeIDE/plugins/com.st.stm32cube.ide.mcu.externaltools.gnu-tools-for-stm32.11.3.rel1.win32_1.1.0.202305231506/tools/bin/../lib/gcc/arm-none-eabi/11.3.1/../../../../arm-none-eabi/lib/thumb/v7e-m/nofp\libnosys.a
END GROUP
LOAD C:/ST/STM32CubeIDE_1.13.1/STM32CubeIDE/plugins/com.st.stm32cube.ide.mcu.externaltools.gnu-tools-for-stm32.11.3.rel1.win32_1.1.0.202305231506/tools/bin/../lib/gcc/arm-none-eabi/11.3.1/thumb/v7e-m/nofp/crtend.o
LOAD C:/ST/STM32CubeIDE_1.13.1/STM32CubeIDE/plugins/com.st.stm32cube.ide.mcu.externaltools.gnu-tools-for-stm32.11.3.rel1.win32_1.1.0.202305231506/tools/bin/../lib/gcc/arm-none-eabi/11.3.1/thumb/v7e-m/nofp/crtn.o
                0x0000000020008000                _estack = (ORIGIN (RAM1) + LENGTH (RAM1))
                0x0000000000000200                _Min_Heap_Size = 0x200
                0x0000000000000400                _Min_Stack_Size = 0x400

.isr_vector     0x0000000008000000      0x138
                0x0000000008000000                . = ALIGN (0x4)
 *(.isr_vector)
 .isr_vector    0x0000000008000000      0x138 ./Core/Startup/startup_stm32wle5jcix.o
                0x0000000008000000                g_pfnVectors
                0x0000000008000138                . = ALIGN (0x4)

.text           0x0000000008000138     0x396c
                0x0000000008000138                . = ALIGN (0x4)
 *(.text)
 .text          0x0000000008000138       0x40 C:/ST/STM32CubeIDE_1.13.1/STM32CubeIDE/plugins/com.st.stm32cube.ide.mcu.externaltools.gnu-tools-for-stm32.11.3.rel1.win32_1.1.0.202305231506/tools/bin/../lib/gcc/arm-none-eabi/11.3.1/thumb/v7e-m/nofp/crtbegin.o
 .text          0x0000000008000178       0x10 C:/ST/STM32CubeIDE_1.13.1/STM32CubeIDE/plugins/com.st.stm32cube.ide.mcu.externaltools.gnu-tools-for-stm32.11.3.rel1.win32_1.1.0.202305231506/tools/bin/../lib/gcc/arm-none-eabi/11.3.1/../../../../arm-none-eabi/lib/thumb/v7e-m/nofp\libc_nano.a(libc_a-strlen.o)
                0x0000000008000178                strlen
 .text          0x0000000008000188       0x30 C:/ST/STM32CubeIDE_1.13.1/STM32CubeIDE/plugins/com.st.stm32cube.ide.mcu.externaltools.gnu-tools-for-stm32.11.3.rel1.win32_1.1.0.202305231506/tools/bin/../lib/gcc/arm-none-eabi/11.3.1/thumb/v7e-m/nofp\libgcc.a(_aeabi_uldivmod.o)
                0x0000000008000188                __aeabi_uldivmod
 .text          0x00000000080001b8      0x2c8 C:/ST/STM32CubeIDE_1.13.1/STM32CubeIDE/plugins/com.st.stm32cube.ide.mcu.externaltools.gnu-tools-for-stm32.11.3.rel1.win32_1.1.0.202305231506/tools/bin/../lib/gcc/arm-none-eabi/11.3.1/thumb/v7e-m/nofp\libgcc.a(_udivmoddi4.o)
                0x00000000080001b8                __udivmoddi4
 .text          0x0000000008000480        0x4 C:/ST/STM32CubeIDE_1.13.1/STM32CubeIDE/plugins/com.st.stm32cube.ide.mcu.externaltools.gnu-tools-for-stm32.11.3.rel1.win32_1.1.0.202305231506/tools/bin/../lib/gcc/arm-none-eabi/11.3.1/thumb/v7e-m/nofp\libgcc.a(_dvmd_tls.o)
                0x0000000008000480                __aeabi_idiv0
                0x0000000008000480                __aeabi_ldiv0
 *(.text*)
 .text.MX_ADC_Init
                0x0000000008000484       0x9c ./Core/Src/adc.o
                0x0000000008000484                MX_ADC_Init
 .text.SYS_InitMeasurement
                0x0000000008000520       0x1c ./Core/Src/adc_if.o
                0x0000000008000520                SYS_InitMeasurement
 .text.SYS_GetTemperatureLevel
                0x000000000800053c       0xf4 ./Core/Src/adc_if.o
                0x000000000800053c                SYS_GetTemperatureLevel
 .text.SYS_GetBatteryLevel
                0x0000000008000630       0x68 ./Core/Src/adc_if.o
                0x0000000008000630                SYS_GetBatteryLevel
 .text.ADC_ReadChannels
                0x0000000008000698       0x8c ./Core/Src/adc_if.o
 .text.LL_RCC_LSE_SetDriveCapability
                0x0000000008000724       0x2a ./Core/Src/main.o
 .text.LL_AHB2_GRP1_EnableClock
                0x000000000800074e       0x30 ./Core/Src/main.o
 *fill*         0x000000000800077e        0x2 
 .text.main     0x0000000008000780       0x74 ./Core/Src/main.o
                0x0000000008000780                main
 .text.SystemClock_Config
                0x00000000080007f4       0xbc ./Core/Src/main.o
                0x00000000080007f4                SystemClock_Config
 .text.MX_LPTIM1_Init
                0x00000000080008b0       0x58 ./Core/Src/main.o
 .text.MX_GPIO_Init
                0x0000000008000908       0x4c ./Core/Src/main.o
                0x0000000008000908                MX_GPIO_Init
 .text.LED_control
                0x0000000008000954       0x24 ./Core/Src/main.o
                0x0000000008000954                LED_control
 .text.StartLoRaWANTask
                0x0000000008000978       0x18 ./Core/Src/main.o
                0x0000000008000978                StartLoRaWANTask
 .text.StartLedTask
                0x0000000008000990       0x2c ./Core/Src/main.o
                0x0000000008000990                StartLedTask
 .text.Error_Handler
                0x00000000080009bc        0xa ./Core/Src/main.o
                0x00000000080009bc                Error_Handler
 .text.NMI_Handler
                0x00000000080009c6        0x6 ./Core/Src/stm32wlxx_it.o
                0x00000000080009c6                NMI_Handler
 .text.HardFault_Handler
                0x00000000080009cc        0x6 ./Core/Src/stm32wlxx_it.o
                0x00000000080009cc                HardFault_Handler
 .text.MemManage_Handler
                0x00000000080009d2        0x6 ./Core/Src/stm32wlxx_it.o
                0x00000000080009d2                MemManage_Handler
 .text.BusFault_Handler
                0x00000000080009d8        0x6 ./Core/Src/stm32wlxx_it.o
                0x00000000080009d8                BusFault_Handler
 .text.UsageFault_Handler
                0x00000000080009de        0x6 ./Core/Src/stm32wlxx_it.o
                0x00000000080009de                UsageFault_Handler
 .text.DebugMon_Handler
                0x00000000080009e4        0xc ./Core/Src/stm32wlxx_it.o
                0x00000000080009e4                DebugMon_Handler
 .text.SysTick_Handler
                0x00000000080009f0       0x1a ./Core/Src/stm32wlxx_it.o
                0x00000000080009f0                SysTick_Handler
 *fill*         0x0000000008000a0a        0x2 
 .text.TAMP_STAMP_LSECSS_SSRU_IRQHandler
                0x0000000008000a0c       0x14 ./Core/Src/stm32wlxx_it.o
                0x0000000008000a0c                TAMP_STAMP_LSECSS_SSRU_IRQHandler
 .text.EXTI15_10_IRQHandler
                0x0000000008000a20       0x10 ./Core/Src/stm32wlxx_it.o
                0x0000000008000a20                EXTI15_10_IRQHandler
 .text.DMA1_Channel5_IRQHandler
                0x0000000008000a30       0x14 ./Core/Src/stm32wlxx_it.o
                0x0000000008000a30                DMA1_Channel5_IRQHandler
 .text.USART1_IRQHandler
                0x0000000008000a44       0x14 ./Core/Src/stm32wlxx_it.o
                0x0000000008000a44                USART1_IRQHandler
 .text.USART2_IRQHandler
                0x0000000008000a58       0x14 ./Core/Src/stm32wlxx_it.o
                0x0000000008000a58                USART2_IRQHandler
 .text.RTC_Alarm_IRQHandler
                0x0000000008000a6c       0x14 ./Core/Src/stm32wlxx_it.o
                0x0000000008000a6c                RTC_Alarm_IRQHandler
 .text.SUBGHZ_Radio_IRQHandler
                0x0000000008000a80       0x14 ./Core/Src/stm32wlxx_it.o
                0x0000000008000a80                SUBGHZ_Radio_IRQHandler
 .text.LPTIM1_IRQHandler
                0x0000000008000a94       0x14 ./Core/Src/stm32wlxx_it.o
                0x0000000008000a94                LPTIM1_IRQHandler
 .text.LL_RCC_SetClkAfterWakeFromStop
                0x0000000008000aa8       0x26 ./Core/Src/sys_app.o
 *fill*         0x0000000008000ace        0x2 
 .text.LL_FLASH_GetUDN
                0x0000000008000ad0       0x14 ./Core/Src/sys_app.o
 .text.LL_FLASH_GetDeviceID
                0x0000000008000ae4       0x18 ./Core/Src/sys_app.o
 .text.LL_FLASH_GetSTCompanyID
                0x0000000008000afc       0x18 ./Core/Src/sys_app.o
 .text.SystemApp_Init
                0x0000000008000b14       0x40 ./Core/Src/sys_app.o
                0x0000000008000b14                SystemApp_Init
 .text.GetBatteryLevel
                0x0000000008000b54       0x70 ./Core/Src/sys_app.o
                0x0000000008000b54                GetBatteryLevel
 .text.GetTemperatureLevel
                0x0000000008000bc4       0x26 ./Core/Src/sys_app.o
                0x0000000008000bc4                GetTemperatureLevel
 .text.GetUniqueId
                0x0000000008000bea       0xf8 ./Core/Src/sys_app.o
                0x0000000008000bea                GetUniqueId
 .text.GetDevAddr
                0x0000000008000ce2       0x3a ./Core/Src/sys_app.o
                0x0000000008000ce2                GetDevAddr
 .text.TimestampNow
                0x0000000008000d1c       0x40 ./Core/Src/sys_app.o
 .text.tiny_snprintf_like
                0x0000000008000d5c       0x2c ./Core/Src/sys_app.o
 .text.HAL_Delay
                0x0000000008000d88       0x18 ./Core/Src/sys_app.o
                0x0000000008000d88                HAL_Delay
 .text.DBG_ProbesInit
                0x0000000008000da0        0xc ./Core/Src/sys_debug.o
                0x0000000008000da0                DBG_ProbesInit
 .text.EnvSensors_Init
                0x0000000008000dac        0xe ./Core/Src/sys_sensors.o
                0x0000000008000dac                EnvSensors_Init
 .text.SystemInit
                0x0000000008000dba        0xc ./Core/Src/system_stm32wlxx.o
                0x0000000008000dba                SystemInit
 .text.LL_RTC_TIME_GetSubSecond
                0x0000000008000dc6       0x16 ./Core/Src/timer_if.o
 .text.TIMER_IF_Convert_ms2Tick
                0x0000000008000ddc       0x3a ./Core/Src/timer_if.o
                0x0000000008000ddc                TIMER_IF_Convert_ms2Tick
 .text.TIMER_IF_DelayMs
                0x0000000008000e16       0x34 ./Core/Src/timer_if.o
                0x0000000008000e16                TIMER_IF_DelayMs
 *fill*         0x0000000008000e4a        0x2 
 .text.GetTimerTicks
                0x0000000008000e4c       0x18 ./Core/Src/timer_if.o
 .text.Reset_Handler
                0x0000000008000e64       0x50 ./Core/Startup/startup_stm32wle5jcix.o
                0x0000000008000e64                Reset_Handler
 .text.Default_Handler
                0x0000000008000eb4        0x2 ./Core/Startup/startup_stm32wle5jcix.o
                0x0000000008000eb4                EXTI2_IRQHandler
                0x0000000008000eb4                TIM1_CC_IRQHandler
                0x0000000008000eb4                PendSV_Handler
                0x0000000008000eb4                EXTI3_IRQHandler
                0x0000000008000eb4                LPTIM2_IRQHandler
                0x0000000008000eb4                I2C3_ER_IRQHandler
                0x0000000008000eb4                LPTIM3_IRQHandler
                0x0000000008000eb4                EXTI0_IRQHandler
                0x0000000008000eb4                I2C2_EV_IRQHandler
                0x0000000008000eb4                SPI1_IRQHandler
                0x0000000008000eb4                DMA2_Channel2_IRQHandler
                0x0000000008000eb4                DMA1_Channel4_IRQHandler
                0x0000000008000eb4                PKA_IRQHandler
                0x0000000008000eb4                TIM17_IRQHandler
                0x0000000008000eb4                DMA1_Channel7_IRQHandler
                0x0000000008000eb4                SUBGHZSPI_IRQHandler
                0x0000000008000eb4                DMA2_Channel1_IRQHandler
                0x0000000008000eb4                I2C1_EV_IRQHandler
                0x0000000008000eb4                DMAMUX1_OVR_IRQHandler
                0x0000000008000eb4                DMA1_Channel6_IRQHandler
                0x0000000008000eb4                TIM16_IRQHandler
                0x0000000008000eb4                DMA2_Channel4_IRQHandler
                0x0000000008000eb4                RCC_IRQHandler
                0x0000000008000eb4                TIM1_TRG_COM_IRQHandler
                0x0000000008000eb4                DMA1_Channel1_IRQHandler
                0x0000000008000eb4                Default_Handler
                0x0000000008000eb4                DMA2_Channel7_IRQHandler
                0x0000000008000eb4                ADC_IRQHandler
                0x0000000008000eb4                I2C3_EV_IRQHandler
                0x0000000008000eb4                EXTI9_5_IRQHandler
                0x0000000008000eb4                RTC_WKUP_IRQHandler
                0x0000000008000eb4                PVD_PVM_IRQHandler
                0x0000000008000eb4                SPI2_IRQHandler
                0x0000000008000eb4                SVC_Handler
                0x0000000008000eb4                DMA2_Channel5_IRQHandler
                0x0000000008000eb4                EXTI4_IRQHandler
                0x0000000008000eb4                RNG_IRQHandler
                0x0000000008000eb4                DMA1_Channel3_IRQHandler
                0x0000000008000eb4                COMP_IRQHandler
                0x0000000008000eb4                HSEM_IRQHandler
                0x0000000008000eb4                TIM1_UP_IRQHandler
                0x0000000008000eb4                WWDG_IRQHandler
                0x0000000008000eb4                LPUART1_IRQHandler
                0x0000000008000eb4                DMA2_Channel6_IRQHandler
                0x0000000008000eb4                TIM2_IRQHandler
                0x0000000008000eb4                TIM1_BRK_IRQHandler
                0x0000000008000eb4                DAC_IRQHandler
                0x0000000008000eb4                EXTI1_IRQHandler
                0x0000000008000eb4                AES_IRQHandler
                0x0000000008000eb4                I2C2_ER_IRQHandler
                0x0000000008000eb4                DMA1_Channel2_IRQHandler
                0x0000000008000eb4                FLASH_IRQHandler
                0x0000000008000eb4                I2C1_ER_IRQHandler
                0x0000000008000eb4                DMA2_Channel3_IRQHandler
 .text.MX_LoRaWAN_Init
                0x0000000008000eb6       0x10 ./LoRaWAN/App/app_lorawan.o
                0x0000000008000eb6                MX_LoRaWAN_Init
 .text.MX_LoRaWAN_Process
                0x0000000008000ec6       0x10 ./LoRaWAN/App/app_lorawan.o
                0x0000000008000ec6                MX_LoRaWAN_Process
 *fill*         0x0000000008000ed6        0x2 
 .text.LoRaWAN_Init
                0x0000000008000ed8       0xe4 ./LoRaWAN/App/lora_app.o
                0x0000000008000ed8                LoRaWAN_Init
 .text.OnRxData
                0x0000000008000fbc       0x26 ./LoRaWAN/App/lora_app.o
 .text.OnTxData
                0x0000000008000fe2       0x1c ./LoRaWAN/App/lora_app.o
 .text.OnJoinRequest
                0x0000000008000ffe       0x1c ./LoRaWAN/App/lora_app.o
 .text.CmdProcessNotify
                0x000000000800101a       0x10 ./LoRaWAN/App/lora_app.o
 .text.OnMacProcessNotify
                0x000000000800102a       0x10 ./LoRaWAN/App/lora_app.o
 *fill*         0x000000000800103a        0x2 
 .text.__NVIC_SystemReset
                0x000000000800103c       0x2c ./LoRaWAN/App/lora_at.o
 .text.AT_return_error
                0x0000000008001068       0x14 ./LoRaWAN/App/lora_at.o
                0x0000000008001068                AT_return_error
 .text.AT_event_join
                0x000000000800107c       0x44 ./LoRaWAN/App/lora_at.o
                0x000000000800107c                AT_event_join
 .text.AT_event_receive
                0x00000000080010c0      0x15c ./LoRaWAN/App/lora_at.o
                0x00000000080010c0                AT_event_receive
 .text.AT_event_confirm
                0x000000000800121c       0x38 ./LoRaWAN/App/lora_at.o
                0x000000000800121c                AT_event_confirm
 .text.AT_reset
                0x0000000008001254        0xc ./LoRaWAN/App/lora_at.o
                0x0000000008001254                AT_reset
 .text.AT_verbose_get
                0x0000000008001260       0x1e ./LoRaWAN/App/lora_at.o
                0x0000000008001260                AT_verbose_get
 *fill*         0x000000000800127e        0x2 
 .text.AT_verbose_set
                0x0000000008001280       0x6c ./LoRaWAN/App/lora_at.o
                0x0000000008001280                AT_verbose_set
 .text.AT_LocalTime_get
                0x00000000080012ec       0x68 ./LoRaWAN/App/lora_at.o
                0x00000000080012ec                AT_LocalTime_get
 .text.AT_JoinEUI_get
                0x0000000008001354       0x30 ./LoRaWAN/App/lora_at.o
                0x0000000008001354                AT_JoinEUI_get
 .text.AT_JoinEUI_set
                0x0000000008001384       0x78 ./LoRaWAN/App/lora_at.o
                0x0000000008001384                AT_JoinEUI_set
 .text.AT_NwkKey_get
                0x00000000080013fc       0x30 ./LoRaWAN/App/lora_at.o
                0x00000000080013fc                AT_NwkKey_get
 .text.AT_NwkKey_set
                0x000000000800142c       0x3c ./LoRaWAN/App/lora_at.o
                0x000000000800142c                AT_NwkKey_set
 .text.AT_AppKey_get
                0x0000000008001468       0x30 ./LoRaWAN/App/lora_at.o
                0x0000000008001468                AT_AppKey_get
 .text.AT_AppKey_set
                0x0000000008001498       0x3c ./LoRaWAN/App/lora_at.o
                0x0000000008001498                AT_AppKey_set
 .text.AT_NwkSKey_get
                0x00000000080014d4       0x30 ./LoRaWAN/App/lora_at.o
                0x00000000080014d4                AT_NwkSKey_get
 .text.AT_NwkSKey_set
                0x0000000008001504       0x3c ./LoRaWAN/App/lora_at.o
                0x0000000008001504                AT_NwkSKey_set
 .text.AT_AppSKey_get
                0x0000000008001540       0x30 ./LoRaWAN/App/lora_at.o
                0x0000000008001540                AT_AppSKey_get
 .text.AT_AppSKey_set
                0x0000000008001570       0x3c ./LoRaWAN/App/lora_at.o
                0x0000000008001570                AT_AppSKey_set
 .text.AT_DevAddr_get
                0x00000000080015ac       0x2e ./LoRaWAN/App/lora_at.o
                0x00000000080015ac                AT_DevAddr_get
 .text.AT_DevAddr_set
                0x00000000080015da       0x3a ./LoRaWAN/App/lora_at.o
                0x00000000080015da                AT_DevAddr_set
 .text.AT_DevEUI_get
                0x0000000008001614       0x30 ./LoRaWAN/App/lora_at.o
                0x0000000008001614                AT_DevEUI_get
 .text.AT_DevEUI_set
                0x0000000008001644       0x78 ./LoRaWAN/App/lora_at.o
                0x0000000008001644                AT_DevEUI_set
 .text.AT_NetworkID_get
                0x00000000080016bc       0x2e ./LoRaWAN/App/lora_at.o
                0x00000000080016bc                AT_NetworkID_get
 *fill*         0x00000000080016ea        0x2 
 .text.AT_NetworkID_set
                0x00000000080016ec       0x40 ./LoRaWAN/App/lora_at.o
                0x00000000080016ec                AT_NetworkID_set
 .text.AT_Join  0x000000000800172c       0x34 ./LoRaWAN/App/lora_at.o
                0x000000000800172c                AT_Join
 .text.AT_Link_Check
                0x0000000008001760       0x20 ./LoRaWAN/App/lora_at.o
                0x0000000008001760                AT_Link_Check
 .text.AT_Send  0x0000000008001780      0x238 ./LoRaWAN/App/lora_at.o
                0x0000000008001780                AT_Send
 .text.AT_version_get
                0x00000000080019b8       0x68 ./LoRaWAN/App/lora_at.o
                0x00000000080019b8                AT_version_get
 .text.AT_ADR_get
                0x0000000008001a20       0x2e ./LoRaWAN/App/lora_at.o
                0x0000000008001a20                AT_ADR_get
 .text.AT_ADR_set
                0x0000000008001a4e       0x38 ./LoRaWAN/App/lora_at.o
                0x0000000008001a4e                AT_ADR_set
 .text.AT_DataRate_get
                0x0000000008001a86       0x30 ./LoRaWAN/App/lora_at.o
                0x0000000008001a86                AT_DataRate_get
 *fill*         0x0000000008001ab6        0x2 
 .text.AT_DataRate_set
                0x0000000008001ab8       0x58 ./LoRaWAN/App/lora_at.o
                0x0000000008001ab8                AT_DataRate_set
 .text.AT_Region_get
                0x0000000008001b10       0x70 ./LoRaWAN/App/lora_at.o
                0x0000000008001b10                AT_Region_get
 .text.AT_Region_set
                0x0000000008001b80       0x4c ./LoRaWAN/App/lora_at.o
                0x0000000008001b80                AT_Region_set
 .text.AT_DeviceClass_get
                0x0000000008001bcc       0xdc ./LoRaWAN/App/lora_at.o
                0x0000000008001bcc                AT_DeviceClass_get
 .text.AT_DeviceClass_set
                0x0000000008001ca8       0xa4 ./LoRaWAN/App/lora_at.o
                0x0000000008001ca8                AT_DeviceClass_set
 .text.AT_DutyCycle_get
                0x0000000008001d4c       0x2e ./LoRaWAN/App/lora_at.o
                0x0000000008001d4c                AT_DutyCycle_get
 .text.AT_DutyCycle_set
                0x0000000008001d7a       0x38 ./LoRaWAN/App/lora_at.o
                0x0000000008001d7a                AT_DutyCycle_set
 .text.AT_JoinAcceptDelay1_get
                0x0000000008001db2       0x2e ./LoRaWAN/App/lora_at.o
                0x0000000008001db2                AT_JoinAcceptDelay1_get
 .text.AT_JoinAcceptDelay1_set
                0x0000000008001de0       0x40 ./LoRaWAN/App/lora_at.o
                0x0000000008001de0                AT_JoinAcceptDelay1_set
 .text.AT_JoinAcceptDelay2_get
                0x0000000008001e20       0x2e ./LoRaWAN/App/lora_at.o
                0x0000000008001e20                AT_JoinAcceptDelay2_get
 *fill*         0x0000000008001e4e        0x2 
 .text.AT_JoinAcceptDelay2_set
                0x0000000008001e50       0x40 ./LoRaWAN/App/lora_at.o
                0x0000000008001e50                AT_JoinAcceptDelay2_set
 .text.AT_Rx1Delay_get
                0x0000000008001e90       0x2e ./LoRaWAN/App/lora_at.o
                0x0000000008001e90                AT_Rx1Delay_get
 *fill*         0x0000000008001ebe        0x2 
 .text.AT_Rx1Delay_set
                0x0000000008001ec0       0x40 ./LoRaWAN/App/lora_at.o
                0x0000000008001ec0                AT_Rx1Delay_set
 .text.AT_Rx2Delay_get
                0x0000000008001f00       0x2e ./LoRaWAN/App/lora_at.o
                0x0000000008001f00                AT_Rx2Delay_get
 *fill*         0x0000000008001f2e        0x2 
 .text.AT_Rx2Delay_set
                0x0000000008001f30       0x40 ./LoRaWAN/App/lora_at.o
                0x0000000008001f30                AT_Rx2Delay_set
 .text.AT_Rx2DataRate_get
                0x0000000008001f70       0x24 ./LoRaWAN/App/lora_at.o
                0x0000000008001f70                AT_Rx2DataRate_get
 .text.AT_Rx2DataRate_set
                0x0000000008001f94       0x58 ./LoRaWAN/App/lora_at.o
                0x0000000008001f94                AT_Rx2DataRate_set
 .text.AT_Rx2Frequency_get
                0x0000000008001fec       0x24 ./LoRaWAN/App/lora_at.o
                0x0000000008001fec                AT_Rx2Frequency_get
 .text.AT_Rx2Frequency_set
                0x0000000008002010       0x4c ./LoRaWAN/App/lora_at.o
                0x0000000008002010                AT_Rx2Frequency_set
 .text.AT_TransmitPower_get
                0x000000000800205c       0x30 ./LoRaWAN/App/lora_at.o
                0x000000000800205c                AT_TransmitPower_get
 .text.AT_TransmitPower_set
                0x000000000800208c       0x44 ./LoRaWAN/App/lora_at.o
                0x000000000800208c                AT_TransmitPower_set
 .text.AT_PingSlot_get
                0x00000000080020d0       0x2e ./LoRaWAN/App/lora_at.o
                0x00000000080020d0                AT_PingSlot_get
 *fill*         0x00000000080020fe        0x2 
 .text.AT_PingSlot_set
                0x0000000008002100       0x4c ./LoRaWAN/App/lora_at.o
                0x0000000008002100                AT_PingSlot_set
 .text.AT_test_txTone
                0x000000000800214c       0x20 ./LoRaWAN/App/lora_at.o
                0x000000000800214c                AT_test_txTone
 .text.AT_test_rxRssi
                0x000000000800216c       0x20 ./LoRaWAN/App/lora_at.o
                0x000000000800216c                AT_test_rxRssi
 .text.AT_test_get_config
                0x000000000800218c      0x27c ./LoRaWAN/App/lora_at.o
                0x000000000800218c                AT_test_get_config
 .text.AT_test_set_config
                0x0000000008002408      0x24c ./LoRaWAN/App/lora_at.o
                0x0000000008002408                AT_test_set_config
 .text.AT_test_tx
                0x0000000008002654       0x54 ./LoRaWAN/App/lora_at.o
                0x0000000008002654                AT_test_tx
 .text.AT_test_rx
                0x00000000080026a8       0x54 ./LoRaWAN/App/lora_at.o
                0x00000000080026a8                AT_test_rx
 .text.AT_Certif
                0x00000000080026fc       0x6c ./LoRaWAN/App/lora_at.o
                0x00000000080026fc                AT_Certif
 .text.AT_test_tx_hopping
                0x0000000008002768       0xdc ./LoRaWAN/App/lora_at.o
                0x0000000008002768                AT_test_tx_hopping
 .text.AT_test_stop
                0x0000000008002844       0x28 ./LoRaWAN/App/lora_at.o
                0x0000000008002844                AT_test_stop
 .text.AT_bat_get
                0x000000000800286c       0x1e ./LoRaWAN/App/lora_at.o
                0x000000000800286c                AT_bat_get
 *fill*         0x000000000800288a        0x2 
 .text.sscanf_uint32_as_hhx
                0x000000000800288c       0x38 ./LoRaWAN/App/lora_at.o
 .text.sscanf_16_hhx
                0x00000000080028c4       0xb0 ./LoRaWAN/App/lora_at.o
 .text.print_uint32_as_02x
                0x0000000008002974       0x44 ./LoRaWAN/App/lora_at.o
 .text.print_16_02x
                0x00000000080029b8       0xd0 ./LoRaWAN/App/lora_at.o
 .text.print_8_02x
                0x0000000008002a88       0x70 ./LoRaWAN/App/lora_at.o
 .text.print_d  0x0000000008002af8       0x24 ./LoRaWAN/App/lora_at.o
 .text.print_u  0x0000000008002b1c       0x24 ./LoRaWAN/App/lora_at.o
 .text.OnCertifTimer
                0x0000000008002b40       0x18 ./LoRaWAN/App/lora_at.o
 .text.CertifSend
                0x0000000008002b58       0x40 ./LoRaWAN/App/lora_at.o
 .text.CMD_Init
                0x0000000008002b98       0x5c ./LoRaWAN/App/lora_command.o
                0x0000000008002b98                CMD_Init
 .text.CMD_Process
                0x0000000008002bf4      0x1d0 ./LoRaWAN/App/lora_command.o
                0x0000000008002bf4                CMD_Process
 .text.CMD_ProcessBackSpace
                0x0000000008002dc4       0xd4 ./LoRaWAN/App/lora_command.o
 .text.CMD_GetChar
                0x0000000008002e98       0x80 ./LoRaWAN/App/lora_command.o
 .text.parse_cmd
                0x0000000008002f18      0x18c ./LoRaWAN/App/lora_command.o
 .text.com_error
                0x00000000080030a4       0x3c ./LoRaWAN/App/lora_command.o
 .text.LoraInfo_Init
                0x00000000080030e0       0x70 ./LoRaWAN/App/lora_info.o
                0x00000000080030e0                LoraInfo_Init
 .text.LoraInfo_GetPtr
                0x0000000008003150       0x14 ./LoRaWAN/App/lora_info.o
                0x0000000008003150                LoraInfo_GetPtr
 .text.TST_TxTone
                0x0000000008003164       0x5c ./LoRaWAN/App/test_rf.o
                0x0000000008003164                TST_TxTone
 .text.TST_RxRssi
                0x00000000080031c0      0x138 ./LoRaWAN/App/test_rf.o
                0x00000000080031c0                TST_RxRssi
 .text.TST_set_config
                0x00000000080032f8       0x20 ./LoRaWAN/App/test_rf.o
                0x00000000080032f8                TST_set_config
 .text.TST_get_config
                0x0000000008003318       0x20 ./LoRaWAN/App/test_rf.o
                0x0000000008003318                TST_get_config
 .text.TST_stop
                0x0000000008003338       0x20 ./LoRaWAN/App/test_rf.o
                0x0000000008003338                TST_stop
 .text.TST_TX_Start
                0x0000000008003358      0x288 ./LoRaWAN/App/test_rf.o
                0x0000000008003358                TST_TX_Start
 .text.TST_RX_Start
                0x00000000080035e0      0x2e8 ./LoRaWAN/App/test_rf.o
                0x00000000080035e0                TST_RX_Start
 .text.OnTxDone
                0x00000000080038c8       0x18 ./LoRaWAN/App/test_rf.o
                0x00000000080038c8                OnTxDone
 .text.OnRxDone
                0x00000000080038e0       0x48 ./LoRaWAN/App/test_rf.o
                0x00000000080038e0                OnRxDone
 .text.OnTxTimeout
                0x0000000008003928       0x18 ./LoRaWAN/App/test_rf.o
                0x0000000008003928                OnTxTimeout
 .text.OnRxTimeout
                0x0000000008003940       0x18 ./LoRaWAN/App/test_rf.o
                0x0000000008003940                OnRxTimeout
 .text.OnRxError
                0x0000000008003958       0x18 ./LoRaWAN/App/test_rf.o
                0x0000000008003958                OnRxError
 .text.Prbs9_generator
                0x0000000008003970       0xa0 ./LoRaWAN/App/test_rf.o
 .text.memset   0x0000000008003a10       0x10 C:/ST/STM32CubeIDE_1.13.1/STM32CubeIDE/plugins/com.st.stm32cube.ide.mcu.externaltools.gnu-tools-for-stm32.11.3.rel1.win32_1.1.0.202305231506/tools/bin/../lib/gcc/arm-none-eabi/11.3.1/../../../../arm-none-eabi/lib/thumb/v7e-m/nofp\libc_nano.a(libc_a-memset.o)
                0x0000000008003a10                memset
 .text.strncmp  0x0000000008003a20       0x24 C:/ST/STM32CubeIDE_1.13.1/STM32CubeIDE/plugins/com.st.stm32cube.ide.mcu.externaltools.gnu-tools-for-stm32.11.3.rel1.win32_1.1.0.202305231506/tools/bin/../lib/gcc/arm-none-eabi/11.3.1/../../../../arm-none-eabi/lib/thumb/v7e-m/nofp\libc_nano.a(libc_a-strncmp.o)
                0x0000000008003a20                strncmp
 .text.__libc_init_array
                0x0000000008003a44       0x48 C:/ST/STM32CubeIDE_1.13.1/STM32CubeIDE/plugins/com.st.stm32cube.ide.mcu.externaltools.gnu-tools-for-stm32.11.3.rel1.win32_1.1.0.202305231506/tools/bin/../lib/gcc/arm-none-eabi/11.3.1/../../../../arm-none-eabi/lib/thumb/v7e-m/nofp\libc_nano.a(libc_a-init.o)
                0x0000000008003a44                __libc_init_array
 *(.glue_7)
 .glue_7        0x0000000008003a8c        0x0 linker stubs
 *(.glue_7t)
 .glue_7t       0x0000000008003a8c        0x0 linker stubs
 *(.eh_frame)
 .eh_frame      0x0000000008003a8c        0x0 C:/ST/STM32CubeIDE_1.13.1/STM32CubeIDE/plugins/com.st.stm32cube.ide.mcu.externaltools.gnu-tools-for-stm32.11.3.rel1.win32_1.1.0.202305231506/tools/bin/../lib/gcc/arm-none-eabi/11.3.1/thumb/v7e-m/nofp/crtbegin.o
 *(.init)
 .init          0x0000000008003a8c        0x4 C:/ST/STM32CubeIDE_1.13.1/STM32CubeIDE/plugins/com.st.stm32cube.ide.mcu.externaltools.gnu-tools-for-stm32.11.3.rel1.win32_1.1.0.202305231506/tools/bin/../lib/gcc/arm-none-eabi/11.3.1/thumb/v7e-m/nofp/crti.o
                0x0000000008003a8c                _init
 .init          0x0000000008003a90        0x8 C:/ST/STM32CubeIDE_1.13.1/STM32CubeIDE/plugins/com.st.stm32cube.ide.mcu.externaltools.gnu-tools-for-stm32.11.3.rel1.win32_1.1.0.202305231506/tools/bin/../lib/gcc/arm-none-eabi/11.3.1/thumb/v7e-m/nofp/crtn.o
 *(.fini)
 .fini          0x0000000008003a98        0x4 C:/ST/STM32CubeIDE_1.13.1/STM32CubeIDE/plugins/com.st.stm32cube.ide.mcu.externaltools.gnu-tools-for-stm32.11.3.rel1.win32_1.1.0.202305231506/tools/bin/../lib/gcc/arm-none-eabi/11.3.1/thumb/v7e-m/nofp/crti.o
                0x0000000008003a98                _fini
 .fini          0x0000000008003a9c        0x8 C:/ST/STM32CubeIDE_1.13.1/STM32CubeIDE/plugins/com.st.stm32cube.ide.mcu.externaltools.gnu-tools-for-stm32.11.3.rel1.win32_1.1.0.202305231506/tools/bin/../lib/gcc/arm-none-eabi/11.3.1/thumb/v7e-m/nofp/crtn.o
                0x0000000008003aa4                . = ALIGN (0x4)
                0x0000000008003aa4                _etext = .

.vfp11_veneer   0x0000000008003aa4        0x0
 .vfp11_veneer  0x0000000008003aa4        0x0 linker stubs

.v4_bx          0x0000000008003aa4        0x0
 .v4_bx         0x0000000008003aa4        0x0 linker stubs

.iplt           0x0000000008003aa4        0x0
 .iplt          0x0000000008003aa4        0x0 C:/ST/STM32CubeIDE_1.13.1/STM32CubeIDE/plugins/com.st.stm32cube.ide.mcu.externaltools.gnu-tools-for-stm32.11.3.rel1.win32_1.1.0.202305231506/tools/bin/../lib/gcc/arm-none-eabi/11.3.1/thumb/v7e-m/nofp/crtbegin.o

.rodata         0x0000000008003aa4     0x1d7c
                0x0000000008003aa4                . = ALIGN (0x4)
 *(.rodata)
 .rodata        0x0000000008003aa4        0xb ./Core/Src/adc_if.o
 *fill*         0x0000000008003aaf        0x1 
 .rodata        0x0000000008003ab0       0x54 ./Core/Src/main.o
 .rodata        0x0000000008003b04       0x15 ./Core/Src/sys_app.o
 *fill*         0x0000000008003b19        0x3 
 .rodata        0x0000000008003b1c       0xe2 ./LoRaWAN/App/lora_app.o
 *fill*         0x0000000008003bfe        0x2 
 .rodata        0x0000000008003c00      0x80d ./LoRaWAN/App/lora_at.o
 *fill*         0x000000000800440d        0x3 
 .rodata        0x0000000008004410      0xf0d ./LoRaWAN/App/lora_command.o
 *fill*         0x000000000800531d        0x3 
 .rodata        0x0000000008005320       0x4f ./LoRaWAN/App/lora_info.o
 *fill*         0x000000000800536f        0x1 
 .rodata        0x0000000008005370      0x10a ./LoRaWAN/App/test_rf.o
 *(.rodata*)
 *fill*         0x000000000800547a        0x2 
 .rodata.ATError_description
                0x000000000800547c       0x2c ./LoRaWAN/App/lora_command.o
 .rodata.ATCommand
                0x00000000080054a8      0x378 ./LoRaWAN/App/lora_command.o
                0x0000000008005820                . = ALIGN (0x4)

.ARM.extab      0x0000000008005820        0x0
                0x0000000008005820                . = ALIGN (0x4)
 *(.ARM.extab* .gnu.linkonce.armextab.*)
                0x0000000008005820                . = ALIGN (0x4)

.ARM            0x0000000008005820        0x8
                0x0000000008005820                . = ALIGN (0x4)
                0x0000000008005820                __exidx_start = .
 *(.ARM.exidx*)
 .ARM.exidx     0x0000000008005820        0x8 C:/ST/STM32CubeIDE_1.13.1/STM32CubeIDE/plugins/com.st.stm32cube.ide.mcu.externaltools.gnu-tools-for-stm32.11.3.rel1.win32_1.1.0.202305231506/tools/bin/../lib/gcc/arm-none-eabi/11.3.1/thumb/v7e-m/nofp\libgcc.a(_udivmoddi4.o)
                0x0000000008005828                __exidx_end = .
                0x0000000008005828                . = ALIGN (0x4)

.rel.dyn        0x0000000008005828        0x0
 .rel.iplt      0x0000000008005828        0x0 C:/ST/STM32CubeIDE_1.13.1/STM32CubeIDE/plugins/com.st.stm32cube.ide.mcu.externaltools.gnu-tools-for-stm32.11.3.rel1.win32_1.1.0.202305231506/tools/bin/../lib/gcc/arm-none-eabi/11.3.1/thumb/v7e-m/nofp/crtbegin.o

.preinit_array  0x0000000008005828        0x0
                0x0000000008005828                . = ALIGN (0x4)
                0x0000000008005828                PROVIDE (__preinit_array_start = .)
 *(.preinit_array*)
                0x0000000008005828                PROVIDE (__preinit_array_end = .)
                0x0000000008005828                . = ALIGN (0x4)

.init_array     0x0000000008005828        0x4
                0x0000000008005828                . = ALIGN (0x4)
                0x0000000008005828                PROVIDE (__init_array_start = .)
 *(SORT_BY_NAME(.init_array.*))
 *(.init_array*)
 .init_array    0x0000000008005828        0x4 C:/ST/STM32CubeIDE_1.13.1/STM32CubeIDE/plugins/com.st.stm32cube.ide.mcu.externaltools.gnu-tools-for-stm32.11.3.rel1.win32_1.1.0.202305231506/tools/bin/../lib/gcc/arm-none-eabi/11.3.1/thumb/v7e-m/nofp/crtbegin.o
                0x000000000800582c                PROVIDE (__init_array_end = .)
                0x000000000800582c                . = ALIGN (0x4)

.fini_array     0x000000000800582c        0x4
                0x000000000800582c                . = ALIGN (0x4)
                [!provide]                        PROVIDE (__fini_array_start = .)
 *(SORT_BY_NAME(.fini_array.*))
 *(.fini_array*)
 .fini_array    0x000000000800582c        0x4 C:/ST/STM32CubeIDE_1.13.1/STM32CubeIDE/plugins/com.st.stm32cube.ide.mcu.externaltools.gnu-tools-for-stm32.11.3.rel1.win32_1.1.0.202305231506/tools/bin/../lib/gcc/arm-none-eabi/11.3.1/thumb/v7e-m/nofp/crtbegin.o
                [!provide]                        PROVIDE (__fini_array_end = .)
                0x0000000008005830                . = ALIGN (0x4)
                0x0000000008005830                _sidata = LOADADDR (.data)

.data           0x0000000020000000       0x7c load address 0x0000000008005830
                0x0000000020000000                . = ALIGN (0x4)
                0x0000000020000000                _sdata = .
 *(.data)
 *(.data*)
 .data.LmHandlerCallbacks
                0x0000000020000000       0x34 ./LoRaWAN/App/lora_app.o
 .data.LmHandlerParams
                0x0000000020000034       0x10 ./LoRaWAN/App/lora_app.o
 .data.AppData  0x0000000020000044        0x8 ./LoRaWAN/App/lora_at.o
 .data.testParam
                0x000000002000004c       0x30 ./LoRaWAN/App/test_rf.o
 *(.RamFunc)
 *(.RamFunc*)
                0x000000002000007c                . = ALIGN (0x4)
                0x000000002000007c                _edata = .

.igot.plt       0x000000002000007c        0x0 load address 0x00000000080058ac
 .igot.plt      0x000000002000007c        0x0 C:/ST/STM32CubeIDE_1.13.1/STM32CubeIDE/plugins/com.st.stm32cube.ide.mcu.externaltools.gnu-tools-for-stm32.11.3.rel1.win32_1.1.0.202305231506/tools/bin/../lib/gcc/arm-none-eabi/11.3.1/thumb/v7e-m/nofp/crtbegin.o
                0x000000002000007c                . = ALIGN (0x4)

.bss            0x000000002000007c      0x764 load address 0x00000000080058ac
                0x000000002000007c                _sbss = .
                0x000000002000007c                __bss_start__ = _sbss
 *(.bss)
 .bss           0x000000002000007c       0x1c C:/ST/STM32CubeIDE_1.13.1/STM32CubeIDE/plugins/com.st.stm32cube.ide.mcu.externaltools.gnu-tools-for-stm32.11.3.rel1.win32_1.1.0.202305231506/tools/bin/../lib/gcc/arm-none-eabi/11.3.1/thumb/v7e-m/nofp/crtbegin.o
 *(.bss*)
 .bss.hadc      0x0000000020000098       0x64 ./Core/Src/adc.o
                0x0000000020000098                hadc
 .bss.hlptim1   0x00000000200000fc       0x3c ./Core/Src/main.o
                0x00000000200000fc                hlptim1
 .bss.LED_TaskHandle
                0x0000000020000138        0x4 ./Core/Src/main.o
                0x0000000020000138                LED_TaskHandle
 .bss.LoRaWAN_TaskHandle
                0x000000002000013c        0x4 ./Core/Src/main.o
                0x000000002000013c                LoRaWAN_TaskHandle
 .bss.hrtc      0x0000000020000140       0x38 ./Core/Src/rtc.o
                0x0000000020000140                hrtc
 .bss.hsubghz   0x0000000020000178        0xc ./Core/Src/subghz.o
                0x0000000020000178                hsubghz
 .bss.huart1    0x0000000020000184       0x90 ./Core/Src/usart.o
                0x0000000020000184                huart1
 .bss.hdma_usart1_tx
                0x0000000020000214       0x60 ./Core/Src/usart.o
                0x0000000020000214                hdma_usart1_tx
 .bss.huart2    0x0000000020000274       0x90 ./Core/Src/usart.o
                0x0000000020000274                huart2
 .bss.ClassBEnableRequest
                0x0000000020000304        0x1 ./LoRaWAN/App/lora_at.o
 *fill*         0x0000000020000305        0x3 
 .bss.AppDataBuffer
                0x0000000020000308       0xf2 ./LoRaWAN/App/lora_at.o
 *fill*         0x00000000200003fa        0x2 
 .bss.TxCertifTimer
                0x00000000200003fc       0x18 ./LoRaWAN/App/lora_at.o
 .bss.circBuffer
                0x0000000020000414       0x50 ./LoRaWAN/App/lora_command.o
 .bss.command   0x0000000020000464      0x21c ./LoRaWAN/App/lora_command.o
 .bss.i         0x0000000020000680        0x4 ./LoRaWAN/App/lora_command.o
 .bss.widx      0x0000000020000684        0x4 ./LoRaWAN/App/lora_command.o
 .bss.ridx      0x0000000020000688        0x4 ./LoRaWAN/App/lora_command.o
 .bss.charCount
                0x000000002000068c        0x4 ./LoRaWAN/App/lora_command.o
 .bss.circBuffOverflow
                0x0000000020000690        0x4 ./LoRaWAN/App/lora_command.o
 .bss.NotifyCb  0x0000000020000694        0x4 ./LoRaWAN/App/lora_command.o
 .bss.loraInfo  0x0000000020000698       0x10 ./LoRaWAN/App/lora_info.o
 .bss.TestState
                0x00000000200006a8        0x1 ./LoRaWAN/App/test_rf.o
 *fill*         0x00000000200006a9        0x3 
 .bss.RadioTxDone_flag
                0x00000000200006ac        0x4 ./LoRaWAN/App/test_rf.o
 .bss.RadioTxTimeout_flag
                0x00000000200006b0        0x4 ./LoRaWAN/App/test_rf.o
 .bss.RadioRxDone_flag
                0x00000000200006b4        0x4 ./LoRaWAN/App/test_rf.o
 .bss.RadioRxTimeout_flag
                0x00000000200006b8        0x4 ./LoRaWAN/App/test_rf.o
 .bss.RadioError_flag
                0x00000000200006bc        0x4 ./LoRaWAN/App/test_rf.o
 .bss.last_rx_rssi
                0x00000000200006c0        0x2 ./LoRaWAN/App/test_rf.o
 .bss.last_rx_LoraSnr_FskCfo
                0x00000000200006c2        0x1 ./LoRaWAN/App/test_rf.o
 *fill*         0x00000000200006c3        0x1 
 .bss.RadioEvents
                0x00000000200006c4       0x1c ./LoRaWAN/App/test_rf.o
 .bss.payload   0x00000000200006e0      0x100 ./LoRaWAN/App/test_rf.o
 *(COMMON)
                0x00000000200007e0                . = ALIGN (0x4)
                0x00000000200007e0                _ebss = .
                0x00000000200007e0                __bss_end__ = _ebss

._user_heap_stack
                0x00000000200007e0      0x600 load address 0x00000000080058ac
                0x00000000200007e0                . = ALIGN (0x8)
                [!provide]                        PROVIDE (end = .)
                0x00000000200007e0                PROVIDE (_end = .)
                0x00000000200009e0                . = (. + _Min_Heap_Size)
 *fill*         0x00000000200007e0      0x200 
                0x0000000020000de0                . = (. + _Min_Stack_Size)
 *fill*         0x00000000200009e0      0x400 
                0x0000000020000de0                . = ALIGN (0x8)

/DISCARD/
 libc.a(*)
 libm.a(*)
 libgcc.a(*)

.ARM.attributes
                0x0000000000000000       0x2a
 *(.ARM.attributes)
 .ARM.attributes
                0x0000000000000000       0x1e C:/ST/STM32CubeIDE_1.13.1/STM32CubeIDE/plugins/com.st.stm32cube.ide.mcu.externaltools.gnu-tools-for-stm32.11.3.rel1.win32_1.1.0.202305231506/tools/bin/../lib/gcc/arm-none-eabi/11.3.1/thumb/v7e-m/nofp/crti.o
 .ARM.attributes
                0x000000000000001e       0x2e C:/ST/STM32CubeIDE_1.13.1/STM32CubeIDE/plugins/com.st.stm32cube.ide.mcu.externaltools.gnu-tools-for-stm32.11.3.rel1.win32_1.1.0.202305231506/tools/bin/../lib/gcc/arm-none-eabi/11.3.1/thumb/v7e-m/nofp/crtbegin.o
 .ARM.attributes
                0x000000000000004c       0x2e ./Core/Src/adc.o
 .ARM.attributes
                0x000000000000007a       0x2e ./Core/Src/adc_if.o
 .ARM.attributes
                0x00000000000000a8       0x2e ./Core/Src/main.o
 .ARM.attributes
                0x00000000000000d6       0x2e ./Core/Src/rtc.o
 .ARM.attributes
                0x0000000000000104       0x2e ./Core/Src/stm32wlxx_it.o
 .ARM.attributes
                0x0000000000000132       0x2e ./Core/Src/subghz.o
 .ARM.attributes
                0x0000000000000160       0x2e ./Core/Src/sys_app.o
 .ARM.attributes
                0x000000000000018e       0x2e ./Core/Src/sys_debug.o
 .ARM.attributes
                0x00000000000001bc       0x2e ./Core/Src/sys_sensors.o
 .ARM.attributes
                0x00000000000001ea       0x2e ./Core/Src/system_stm32wlxx.o
 .ARM.attributes
                0x0000000000000218       0x2e ./Core/Src/timer_if.o
 .ARM.attributes
                0x0000000000000246       0x2e ./Core/Src/usart.o
 .ARM.attributes
                0x0000000000000274       0x21 ./Core/Startup/startup_stm32wle5jcix.o
 .ARM.attributes
                0x0000000000000295       0x2e ./LoRaWAN/App/app_lorawan.o
 .ARM.attributes
                0x00000000000002c3       0x2e ./LoRaWAN/App/lora_app.o
 .ARM.attributes
                0x00000000000002f1       0x2e ./LoRaWAN/App/lora_at.o
 .ARM.attributes
                0x000000000000031f       0x2e ./LoRaWAN/App/lora_command.o
 .ARM.attributes
                0x000000000000034d       0x2e ./LoRaWAN/App/lora_info.o
 .ARM.attributes
                0x000000000000037b       0x2e ./LoRaWAN/App/test_rf.o
 .ARM.attributes
                0x00000000000003a9       0x2e C:/ST/STM32CubeIDE_1.13.1/STM32CubeIDE/plugins/com.st.stm32cube.ide.mcu.externaltools.gnu-tools-for-stm32.11.3.rel1.win32_1.1.0.202305231506/tools/bin/../lib/gcc/arm-none-eabi/11.3.1/../../../../arm-none-eabi/lib/thumb/v7e-m/nofp\libc_nano.a(libc_a-memset.o)
 .ARM.attributes
                0x00000000000003d7       0x2e C:/ST/STM32CubeIDE_1.13.1/STM32CubeIDE/plugins/com.st.stm32cube.ide.mcu.externaltools.gnu-tools-for-stm32.11.3.rel1.win32_1.1.0.202305231506/tools/bin/../lib/gcc/arm-none-eabi/11.3.1/../../../../arm-none-eabi/lib/thumb/v7e-m/nofp\libc_nano.a(libc_a-strncmp.o)
 .ARM.attributes
                0x0000000000000405       0x2e C:/ST/STM32CubeIDE_1.13.1/STM32CubeIDE/plugins/com.st.stm32cube.ide.mcu.externaltools.gnu-tools-for-stm32.11.3.rel1.win32_1.1.0.202305231506/tools/bin/../lib/gcc/arm-none-eabi/11.3.1/../../../../arm-none-eabi/lib/thumb/v7e-m/nofp\libc_nano.a(libc_a-init.o)
 .ARM.attributes
                0x0000000000000433       0x17 C:/ST/STM32CubeIDE_1.13.1/STM32CubeIDE/plugins/com.st.stm32cube.ide.mcu.externaltools.gnu-tools-for-stm32.11.3.rel1.win32_1.1.0.202305231506/tools/bin/../lib/gcc/arm-none-eabi/11.3.1/../../../../arm-none-eabi/lib/thumb/v7e-m/nofp\libc_nano.a(libc_a-strlen.o)
 .ARM.attributes
                0x000000000000044a       0x1e C:/ST/STM32CubeIDE_1.13.1/STM32CubeIDE/plugins/com.st.stm32cube.ide.mcu.externaltools.gnu-tools-for-stm32.11.3.rel1.win32_1.1.0.202305231506/tools/bin/../lib/gcc/arm-none-eabi/11.3.1/thumb/v7e-m/nofp\libgcc.a(_aeabi_uldivmod.o)
 .ARM.attributes
                0x0000000000000468       0x2e C:/ST/STM32CubeIDE_1.13.1/STM32CubeIDE/plugins/com.st.stm32cube.ide.mcu.externaltools.gnu-tools-for-stm32.11.3.rel1.win32_1.1.0.202305231506/tools/bin/../lib/gcc/arm-none-eabi/11.3.1/thumb/v7e-m/nofp\libgcc.a(_udivmoddi4.o)
 .ARM.attributes
                0x0000000000000496       0x1e C:/ST/STM32CubeIDE_1.13.1/STM32CubeIDE/plugins/com.st.stm32cube.ide.mcu.externaltools.gnu-tools-for-stm32.11.3.rel1.win32_1.1.0.202305231506/tools/bin/../lib/gcc/arm-none-eabi/11.3.1/thumb/v7e-m/nofp\libgcc.a(_dvmd_tls.o)
 .ARM.attributes
                0x00000000000004b4       0x1e C:/ST/STM32CubeIDE_1.13.1/STM32CubeIDE/plugins/com.st.stm32cube.ide.mcu.externaltools.gnu-tools-for-stm32.11.3.rel1.win32_1.1.0.202305231506/tools/bin/../lib/gcc/arm-none-eabi/11.3.1/thumb/v7e-m/nofp/crtn.o
OUTPUT(FreeRTOS_LoRaWAN_AT.elf elf32-littlearm)
LOAD linker stubs
LOAD C:/ST/STM32CubeIDE_1.13.1/STM32CubeIDE/plugins/com.st.stm32cube.ide.mcu.externaltools.gnu-tools-for-stm32.11.3.rel1.win32_1.1.0.202305231506/tools/bin/../lib/gcc/arm-none-eabi/11.3.1/../../../../arm-none-eabi/lib/thumb/v7e-m/nofp\libc.a
LOAD C:/ST/STM32CubeIDE_1.13.1/STM32CubeIDE/plugins/com.st.stm32cube.ide.mcu.externaltools.gnu-tools-for-stm32.11.3.rel1.win32_1.1.0.202305231506/tools/bin/../lib/gcc/arm-none-eabi/11.3.1/../../../../arm-none-eabi/lib/thumb/v7e-m/nofp\libm.a
LOAD C:/ST/STM32CubeIDE_1.13.1/STM32CubeIDE/plugins/com.st.stm32cube.ide.mcu.externaltools.gnu-tools-for-stm32.11.3.rel1.win32_1.1.0.202305231506/tools/bin/../lib/gcc/arm-none-eabi/11.3.1/thumb/v7e-m/nofp\libgcc.a

.comment        0x0000000000000000       0x43
 .comment       0x0000000000000000       0x43 C:/ST/STM32CubeIDE_1.13.1/STM32CubeIDE/plugins/com.st.stm32cube.ide.mcu.externaltools.gnu-tools-for-stm32.11.3.rel1.win32_1.1.0.202305231506/tools/bin/../lib/gcc/arm-none-eabi/11.3.1/thumb/v7e-m/nofp/crtbegin.o
                                         0x44 (size before relaxing)
 .comment       0x0000000000000043       0x44 ./Core/Src/adc.o
 .comment       0x0000000000000043       0x44 ./Core/Src/adc_if.o
 .comment       0x0000000000000043       0x44 ./Core/Src/main.o
 .comment       0x0000000000000043       0x44 ./Core/Src/rtc.o
 .comment       0x0000000000000043       0x44 ./Core/Src/stm32wlxx_it.o
 .comment       0x0000000000000043       0x44 ./Core/Src/subghz.o
 .comment       0x0000000000000043       0x44 ./Core/Src/sys_app.o
 .comment       0x0000000000000043       0x44 ./Core/Src/sys_debug.o
 .comment       0x0000000000000043       0x44 ./Core/Src/sys_sensors.o
 .comment       0x0000000000000043       0x44 ./Core/Src/system_stm32wlxx.o
 .comment       0x0000000000000043       0x44 ./Core/Src/timer_if.o
 .comment       0x0000000000000043       0x44 ./Core/Src/usart.o
 .comment       0x0000000000000043       0x44 ./LoRaWAN/App/app_lorawan.o
 .comment       0x0000000000000043       0x44 ./LoRaWAN/App/lora_app.o
 .comment       0x0000000000000043       0x44 ./LoRaWAN/App/lora_at.o
 .comment       0x0000000000000043       0x44 ./LoRaWAN/App/lora_command.o
 .comment       0x0000000000000043       0x44 ./LoRaWAN/App/lora_info.o
 .comment       0x0000000000000043       0x44 ./LoRaWAN/App/test_rf.o

.debug_info     0x0000000000000000     0xd611
 .debug_info    0x0000000000000000      0xaae ./Core/Src/adc.o
 .debug_info    0x0000000000000aae      0xa0f ./Core/Src/adc_if.o
 .debug_info    0x00000000000014bd     0x1016 ./Core/Src/main.o
 .debug_info    0x00000000000024d3      0xb6a ./Core/Src/rtc.o
 .debug_info    0x000000000000303d      0xfaf ./Core/Src/stm32wlxx_it.o
 .debug_info    0x0000000000003fec      0x6e5 ./Core/Src/subghz.o
 .debug_info    0x00000000000046d1      0x8dc ./Core/Src/sys_app.o
 .debug_info    0x0000000000004fad      0x507 ./Core/Src/sys_debug.o
 .debug_info    0x00000000000054b4      0x17f ./Core/Src/sys_sensors.o
 .debug_info    0x0000000000005633      0x413 ./Core/Src/system_stm32wlxx.o
 .debug_info    0x0000000000005a46      0xba4 ./Core/Src/timer_if.o
 .debug_info    0x00000000000065ea     0x1076 ./Core/Src/usart.o
 .debug_info    0x0000000000007660       0x23 ./Core/Startup/startup_stm32wle5jcix.o
 .debug_info    0x0000000000007683       0xe3 ./LoRaWAN/App/app_lorawan.o
 .debug_info    0x0000000000007766      0xbae ./LoRaWAN/App/lora_app.o
 .debug_info    0x0000000000008314     0x30c4 ./LoRaWAN/App/lora_at.o
 .debug_info    0x000000000000b3d8      0xcc6 ./LoRaWAN/App/lora_command.o
 .debug_info    0x000000000000c09e      0x23e ./LoRaWAN/App/lora_info.o
 .debug_info    0x000000000000c2dc     0x1335 ./LoRaWAN/App/test_rf.o

.debug_abbrev   0x0000000000000000     0x2724
 .debug_abbrev  0x0000000000000000      0x23a ./Core/Src/adc.o
 .debug_abbrev  0x000000000000023a      0x1fc ./Core/Src/adc_if.o
 .debug_abbrev  0x0000000000000436      0x2d2 ./Core/Src/main.o
 .debug_abbrev  0x0000000000000708      0x214 ./Core/Src/rtc.o
 .debug_abbrev  0x000000000000091c      0x1e9 ./Core/Src/stm32wlxx_it.o
 .debug_abbrev  0x0000000000000b05      0x218 ./Core/Src/subghz.o
 .debug_abbrev  0x0000000000000d1d      0x33f ./Core/Src/sys_app.o
 .debug_abbrev  0x000000000000105c      0x1bf ./Core/Src/sys_debug.o
 .debug_abbrev  0x000000000000121b       0xc1 ./Core/Src/sys_sensors.o
 .debug_abbrev  0x00000000000012dc      0x13d ./Core/Src/system_stm32wlxx.o
 .debug_abbrev  0x0000000000001419      0x305 ./Core/Src/timer_if.o
 .debug_abbrev  0x000000000000171e      0x290 ./Core/Src/usart.o
 .debug_abbrev  0x00000000000019ae       0x12 ./Core/Startup/startup_stm32wle5jcix.o
 .debug_abbrev  0x00000000000019c0       0x86 ./LoRaWAN/App/app_lorawan.o
 .debug_abbrev  0x0000000000001a46      0x26c ./LoRaWAN/App/lora_app.o
 .debug_abbrev  0x0000000000001cb2      0x3aa ./LoRaWAN/App/lora_at.o
 .debug_abbrev  0x000000000000205c      0x2a3 ./LoRaWAN/App/lora_command.o
 .debug_abbrev  0x00000000000022ff      0x159 ./LoRaWAN/App/lora_info.o
 .debug_abbrev  0x0000000000002458      0x2cc ./LoRaWAN/App/test_rf.o

.debug_aranges  0x0000000000000000      0x880
 .debug_aranges
                0x0000000000000000       0x40 ./Core/Src/adc.o
 .debug_aranges
                0x0000000000000040       0x40 ./Core/Src/adc_if.o
 .debug_aranges
                0x0000000000000080       0x68 ./Core/Src/main.o
 .debug_aranges
                0x00000000000000e8       0x50 ./Core/Src/rtc.o
 .debug_aranges
                0x0000000000000138       0x90 ./Core/Src/stm32wlxx_it.o
 .debug_aranges
                0x00000000000001c8       0x40 ./Core/Src/subghz.o
 .debug_aranges
                0x0000000000000208       0xa0 ./Core/Src/sys_app.o
 .debug_aranges
                0x00000000000002a8       0x38 ./Core/Src/sys_debug.o
 .debug_aranges
                0x00000000000002e0       0x28 ./Core/Src/sys_sensors.o
 .debug_aranges
                0x0000000000000308       0x28 ./Core/Src/system_stm32wlxx.o
 .debug_aranges
                0x0000000000000330       0xc8 ./Core/Src/timer_if.o
 .debug_aranges
                0x00000000000003f8       0x60 ./Core/Src/usart.o
 .debug_aranges
                0x0000000000000458       0x28 ./Core/Startup/startup_stm32wle5jcix.o
 .debug_aranges
                0x0000000000000480       0x28 ./LoRaWAN/App/app_lorawan.o
 .debug_aranges
                0x00000000000004a8       0x50 ./LoRaWAN/App/lora_app.o
 .debug_aranges
                0x00000000000004f8      0x298 ./LoRaWAN/App/lora_at.o
 .debug_aranges
                0x0000000000000790       0x48 ./LoRaWAN/App/lora_command.o
 .debug_aranges
                0x00000000000007d8       0x28 ./LoRaWAN/App/lora_info.o
 .debug_aranges
                0x0000000000000800       0x80 ./LoRaWAN/App/test_rf.o

.debug_rnglists
                0x0000000000000000      0x620
 .debug_rnglists
                0x0000000000000000       0x2c ./Core/Src/adc.o
 .debug_rnglists
                0x000000000000002c       0x2d ./Core/Src/adc_if.o
 .debug_rnglists
                0x0000000000000059       0x4a ./Core/Src/main.o
 .debug_rnglists
                0x00000000000000a3       0x38 ./Core/Src/rtc.o
 .debug_rnglists
                0x00000000000000db       0x67 ./Core/Src/stm32wlxx_it.o
 .debug_rnglists
                0x0000000000000142       0x2b ./Core/Src/subghz.o
 .debug_rnglists
                0x000000000000016d       0x74 ./Core/Src/sys_app.o
 .debug_rnglists
                0x00000000000001e1       0x25 ./Core/Src/sys_debug.o
 .debug_rnglists
                0x0000000000000206       0x19 ./Core/Src/sys_sensors.o
 .debug_rnglists
                0x000000000000021f       0x1a ./Core/Src/system_stm32wlxx.o
 .debug_rnglists
                0x0000000000000239       0x93 ./Core/Src/timer_if.o
 .debug_rnglists
                0x00000000000002cc       0x46 ./Core/Src/usart.o
 .debug_rnglists
                0x0000000000000312       0x19 ./Core/Startup/startup_stm32wle5jcix.o
 .debug_rnglists
                0x000000000000032b       0x19 ./LoRaWAN/App/app_lorawan.o
 .debug_rnglists
                0x0000000000000344       0x38 ./LoRaWAN/App/lora_app.o
 .debug_rnglists
                0x000000000000037c      0x1f7 ./LoRaWAN/App/lora_at.o
 .debug_rnglists
                0x0000000000000573       0x35 ./LoRaWAN/App/lora_command.o
 .debug_rnglists
                0x00000000000005a8       0x19 ./LoRaWAN/App/lora_info.o
 .debug_rnglists
                0x00000000000005c1       0x5f ./LoRaWAN/App/test_rf.o

.debug_macro    0x0000000000000000    0x2096b
 .debug_macro   0x0000000000000000      0x462 ./Core/Src/adc.o
 .debug_macro   0x0000000000000462      0xaa2 ./Core/Src/adc.o
 .debug_macro   0x0000000000000f04      0x136 ./Core/Src/adc.o
 .debug_macro   0x000000000000103a       0x2e ./Core/Src/adc.o
 .debug_macro   0x0000000000001068       0x34 ./Core/Src/adc.o
 .debug_macro   0x000000000000109c       0x22 ./Core/Src/adc.o
 .debug_macro   0x00000000000010be       0x8e ./Core/Src/adc.o
 .debug_macro   0x000000000000114c       0x51 ./Core/Src/adc.o
 .debug_macro   0x000000000000119d      0x103 ./Core/Src/adc.o
 .debug_macro   0x00000000000012a0       0x6a ./Core/Src/adc.o
 .debug_macro   0x000000000000130a      0x1df ./Core/Src/adc.o
 .debug_macro   0x00000000000014e9       0x1c ./Core/Src/adc.o
 .debug_macro   0x0000000000001505       0x22 ./Core/Src/adc.o
 .debug_macro   0x0000000000001527       0xfb ./Core/Src/adc.o
 .debug_macro   0x0000000000001622     0x1011 ./Core/Src/adc.o
 .debug_macro   0x0000000000002633      0x11f ./Core/Src/adc.o
 .debug_macro   0x0000000000002752     0xcc1c ./Core/Src/adc.o
 .debug_macro   0x000000000000f36e       0x6d ./Core/Src/adc.o
 .debug_macro   0x000000000000f3db     0x33f7 ./Core/Src/adc.o
 .debug_macro   0x00000000000127d2      0x174 ./Core/Src/adc.o
 .debug_macro   0x0000000000012946       0x5c ./Core/Src/adc.o
 .debug_macro   0x00000000000129a2      0x417 ./Core/Src/adc.o
 .debug_macro   0x0000000000012db9      0x280 ./Core/Src/adc.o
 .debug_macro   0x0000000000013039      0x330 ./Core/Src/adc.o
 .debug_macro   0x0000000000013369      0x197 ./Core/Src/adc.o
 .debug_macro   0x0000000000013500       0x43 ./Core/Src/adc.o
 .debug_macro   0x0000000000013543      0x894 ./Core/Src/adc.o
 .debug_macro   0x0000000000013dd7      0x5bb ./Core/Src/adc.o
 .debug_macro   0x0000000000014392       0x2e ./Core/Src/adc.o
 .debug_macro   0x00000000000143c0      0x23d ./Core/Src/adc.o
 .debug_macro   0x00000000000145fd      0x22b ./Core/Src/adc.o
 .debug_macro   0x0000000000014828      0x352 ./Core/Src/adc.o
 .debug_macro   0x0000000000014b7a       0x2e ./Core/Src/adc.o
 .debug_macro   0x0000000000014ba8       0xc1 ./Core/Src/adc.o
 .debug_macro   0x0000000000014c69      0x1b4 ./Core/Src/adc.o
 .debug_macro   0x0000000000014e1d       0xe7 ./Core/Src/adc.o
 .debug_macro   0x0000000000014f04      0x2ed ./Core/Src/adc.o
 .debug_macro   0x00000000000151f1      0x25f ./Core/Src/adc.o
 .debug_macro   0x0000000000015450      0x133 ./Core/Src/adc.o
 .debug_macro   0x0000000000015583      0x33f ./Core/Src/adc.o
 .debug_macro   0x00000000000158c2      0x67c ./Core/Src/adc.o
 .debug_macro   0x0000000000015f3e      0x113 ./Core/Src/adc.o
 .debug_macro   0x0000000000016051      0xf67 ./Core/Src/adc.o
 .debug_macro   0x0000000000016fb8      0x115 ./Core/Src/adc.o
 .debug_macro   0x00000000000170cd      0x2db ./Core/Src/adc.o
 .debug_macro   0x00000000000173a8      0x328 ./Core/Src/adc.o
 .debug_macro   0x00000000000176d0      0x67a ./Core/Src/adc.o
 .debug_macro   0x0000000000017d4a       0xeb ./Core/Src/adc.o
 .debug_macro   0x0000000000017e35      0x289 ./Core/Src/adc.o
 .debug_macro   0x00000000000180be       0xc8 ./Core/Src/adc.o
 .debug_macro   0x0000000000018186      0x67e ./Core/Src/adc.o
 .debug_macro   0x0000000000018804       0xa6 ./Core/Src/adc.o
 .debug_macro   0x00000000000188aa      0x269 ./Core/Src/adc.o
 .debug_macro   0x0000000000018b13      0x27d ./Core/Src/adc.o
 .debug_macro   0x0000000000018d90       0xf8 ./Core/Src/adc.o
 .debug_macro   0x0000000000018e88      0x15a ./Core/Src/adc.o
 .debug_macro   0x0000000000018fe2       0xde ./Core/Src/adc.o
 .debug_macro   0x00000000000190c0       0x1c ./Core/Src/adc.o
 .debug_macro   0x00000000000190dc       0x26 ./Core/Src/adc.o
 .debug_macro   0x0000000000019102      0x4d3 ./Core/Src/adc.o
 .debug_macro   0x00000000000195d5       0xb5 ./Core/Src/adc.o
 .debug_macro   0x000000000001968a       0xaa ./Core/Src/adc.o
 .debug_macro   0x0000000000019734       0x91 ./Core/Src/adc.o
 .debug_macro   0x00000000000197c5       0x8d ./Core/Src/adc.o
 .debug_macro   0x0000000000019852       0x7e ./Core/Src/adc.o
 .debug_macro   0x00000000000198d0       0x19 ./Core/Src/adc.o
 .debug_macro   0x00000000000198e9       0xf2 ./Core/Src/adc.o
 .debug_macro   0x00000000000199db       0x10 ./Core/Src/adc.o
 .debug_macro   0x00000000000199eb       0x58 ./Core/Src/adc.o
 .debug_macro   0x0000000000019a43       0x61 ./Core/Src/adc.o
 .debug_macro   0x0000000000019aa4       0x24 ./Core/Src/adc.o
 .debug_macro   0x0000000000019ac8       0x43 ./Core/Src/adc.o
 .debug_macro   0x0000000000019b0b       0x34 ./Core/Src/adc.o
 .debug_macro   0x0000000000019b3f       0x16 ./Core/Src/adc.o
 .debug_macro   0x0000000000019b55       0x43 ./Core/Src/adc.o
 .debug_macro   0x0000000000019b98       0x34 ./Core/Src/adc.o
 .debug_macro   0x0000000000019bcc       0x10 ./Core/Src/adc.o
 .debug_macro   0x0000000000019bdc       0x58 ./Core/Src/adc.o
 .debug_macro   0x0000000000019c34       0x8e ./Core/Src/adc.o
 .debug_macro   0x0000000000019cc2       0x1c ./Core/Src/adc.o
 .debug_macro   0x0000000000019cde      0x177 ./Core/Src/adc.o
 .debug_macro   0x0000000000019e55      0x369 ./Core/Src/adc.o
 .debug_macro   0x000000000001a1be       0x10 ./Core/Src/adc.o
 .debug_macro   0x000000000001a1ce       0x35 ./Core/Src/adc.o
 .debug_macro   0x000000000001a203       0x20 ./Core/Src/adc.o
 .debug_macro   0x000000000001a223       0xbd ./Core/Src/adc.o
 .debug_macro   0x000000000001a2e0       0x10 ./Core/Src/adc.o
 .debug_macro   0x000000000001a2f0       0xee ./Core/Src/adc.o
 .debug_macro   0x000000000001a3de      0x4da ./Core/Src/adc_if.o
 .debug_macro   0x000000000001a8b8       0x10 ./Core/Src/adc_if.o
 .debug_macro   0x000000000001a8c8       0x22 ./Core/Src/adc_if.o
 .debug_macro   0x000000000001a8ea      0x14b ./Core/Src/adc_if.o
 .debug_macro   0x000000000001aa35       0x52 ./Core/Src/adc_if.o
 .debug_macro   0x000000000001aa87       0x1c ./Core/Src/adc_if.o
 .debug_macro   0x000000000001aaa3       0xa5 ./Core/Src/adc_if.o
 .debug_macro   0x000000000001ab48       0x7c ./Core/Src/adc_if.o
 .debug_macro   0x000000000001abc4       0x16 ./Core/Src/adc_if.o
 .debug_macro   0x000000000001abda       0x2e ./Core/Src/adc_if.o
 .debug_macro   0x000000000001ac08       0x1c ./Core/Src/adc_if.o
 .debug_macro   0x000000000001ac24      0x47e ./Core/Src/main.o
 .debug_macro   0x000000000001b0a2      0x462 ./Core/Src/rtc.o
 .debug_macro   0x000000000001b504      0x462 ./Core/Src/stm32wlxx_it.o
 .debug_macro   0x000000000001b966      0x462 ./Core/Src/subghz.o
 .debug_macro   0x000000000001bdc8      0x614 ./Core/Src/sys_app.o
 .debug_macro   0x000000000001c3dc       0x5b ./Core/Src/sys_app.o
 .debug_macro   0x000000000001c437       0x94 ./Core/Src/sys_app.o
 .debug_macro   0x000000000001c4cb       0x16 ./Core/Src/sys_app.o
 .debug_macro   0x000000000001c4e1       0x57 ./Core/Src/sys_app.o
 .debug_macro   0x000000000001c538       0x97 ./Core/Src/sys_app.o
 .debug_macro   0x000000000001c5cf       0xfd ./Core/Src/sys_app.o
 .debug_macro   0x000000000001c6cc       0x10 ./Core/Src/sys_app.o
 .debug_macro   0x000000000001c6dc       0x16 ./Core/Src/sys_app.o
 .debug_macro   0x000000000001c6f2       0x16 ./Core/Src/sys_app.o
 .debug_macro   0x000000000001c708      0x147 ./Core/Src/sys_app.o
 .debug_macro   0x000000000001c84f       0x56 ./Core/Src/sys_app.o
 .debug_macro   0x000000000001c8a5       0x4c ./Core/Src/sys_app.o
 .debug_macro   0x000000000001c8f1       0x16 ./Core/Src/sys_app.o
 .debug_macro   0x000000000001c907       0x16 ./Core/Src/sys_app.o
 .debug_macro   0x000000000001c91d       0x16 ./Core/Src/sys_app.o
 .debug_macro   0x000000000001c933       0x10 ./Core/Src/sys_app.o
 .debug_macro   0x000000000001c943       0x10 ./Core/Src/sys_app.o
 .debug_macro   0x000000000001c953       0x10 ./Core/Src/sys_app.o
 .debug_macro   0x000000000001c963       0x1c ./Core/Src/sys_app.o
 .debug_macro   0x000000000001c97f       0x52 ./Core/Src/sys_app.o
 .debug_macro   0x000000000001c9d1       0x22 ./Core/Src/sys_app.o
 .debug_macro   0x000000000001c9f3       0x10 ./Core/Src/sys_app.o
 .debug_macro   0x000000000001ca03       0x52 ./Core/Src/sys_app.o
 .debug_macro   0x000000000001ca55       0xc1 ./Core/Src/sys_app.o
 .debug_macro   0x000000000001cb16       0x1c ./Core/Src/sys_app.o
 .debug_macro   0x000000000001cb32       0x3d ./Core/Src/sys_app.o
 .debug_macro   0x000000000001cb6f       0x35 ./Core/Src/sys_app.o
 .debug_macro   0x000000000001cba4       0xa6 ./Core/Src/sys_app.o
 .debug_macro   0x000000000001cc4a       0x80 ./Core/Src/sys_app.o
 .debug_macro   0x000000000001ccca      0x4b9 ./Core/Src/sys_debug.o
 .debug_macro   0x000000000001d183       0x7a ./Core/Src/sys_debug.o
 .debug_macro   0x000000000001d1fd       0x9d ./Core/Src/sys_sensors.o
 .debug_macro   0x000000000001d29a      0x264 ./Core/Src/system_stm32wlxx.o
 .debug_macro   0x000000000001d4fe      0x58c ./Core/Src/timer_if.o
 .debug_macro   0x000000000001da8a      0x19b ./Core/Src/timer_if.o
 .debug_macro   0x000000000001dc25      0x4d0 ./Core/Src/timer_if.o
 .debug_macro   0x000000000001e0f5      0x45c ./Core/Src/usart.o
 .debug_macro   0x000000000001e551      0x1bc ./LoRaWAN/App/app_lorawan.o
 .debug_macro   0x000000000001e70d       0x4c ./LoRaWAN/App/app_lorawan.o
 .debug_macro   0x000000000001e759      0x6da ./LoRaWAN/App/lora_app.o
 .debug_macro   0x000000000001ee33       0x2e ./LoRaWAN/App/lora_app.o
 .debug_macro   0x000000000001ee61       0x3a ./LoRaWAN/App/lora_app.o
 .debug_macro   0x000000000001ee9b       0xf9 ./LoRaWAN/App/lora_app.o
 .debug_macro   0x000000000001ef94       0x3a ./LoRaWAN/App/lora_app.o
 .debug_macro   0x000000000001efce       0x16 ./LoRaWAN/App/lora_app.o
 .debug_macro   0x000000000001efe4       0x1c ./LoRaWAN/App/lora_app.o
 .debug_macro   0x000000000001f000       0x60 ./LoRaWAN/App/lora_app.o
 .debug_macro   0x000000000001f060       0xbf ./LoRaWAN/App/lora_app.o
 .debug_macro   0x000000000001f11f       0x4c ./LoRaWAN/App/lora_app.o
 .debug_macro   0x000000000001f16b       0x10 ./LoRaWAN/App/lora_app.o
 .debug_macro   0x000000000001f17b       0x46 ./LoRaWAN/App/lora_app.o
 .debug_macro   0x000000000001f1c1       0x40 ./LoRaWAN/App/lora_app.o
 .debug_macro   0x000000000001f201       0x28 ./LoRaWAN/App/lora_app.o
 .debug_macro   0x000000000001f229       0x10 ./LoRaWAN/App/lora_app.o
 .debug_macro   0x000000000001f239      0x101 ./LoRaWAN/App/lora_app.o
 .debug_macro   0x000000000001f33a      0x6a9 ./LoRaWAN/App/lora_at.o
 .debug_macro   0x000000000001f9e3       0xfb ./LoRaWAN/App/lora_at.o
 .debug_macro   0x000000000001fade       0x1c ./LoRaWAN/App/lora_at.o
 .debug_macro   0x000000000001fafa      0x614 ./LoRaWAN/App/lora_command.o
 .debug_macro   0x000000000002010e      0x2ee ./LoRaWAN/App/lora_info.o
 .debug_macro   0x00000000000203fc      0x56f ./LoRaWAN/App/test_rf.o

.debug_line     0x0000000000000000    0x10ed1
 .debug_line    0x0000000000000000      0xd16 ./Core/Src/adc.o
 .debug_line    0x0000000000000d16      0xe66 ./Core/Src/adc_if.o
 .debug_line    0x0000000000001b7c      0xe8a ./Core/Src/main.o
 .debug_line    0x0000000000002a06      0xd6d ./Core/Src/rtc.o
 .debug_line    0x0000000000003773      0xdce ./Core/Src/stm32wlxx_it.o
 .debug_line    0x0000000000004541      0xce4 ./Core/Src/subghz.o
 .debug_line    0x0000000000005225     0x11bf ./Core/Src/sys_app.o
 .debug_line    0x00000000000063e4      0xdd8 ./Core/Src/sys_debug.o
 .debug_line    0x00000000000071bc      0x466 ./Core/Src/sys_sensors.o
 .debug_line    0x0000000000007622      0x935 ./Core/Src/system_stm32wlxx.o
 .debug_line    0x0000000000007f57     0x10d1 ./Core/Src/timer_if.o
 .debug_line    0x0000000000009028      0xe80 ./Core/Src/usart.o
 .debug_line    0x0000000000009ea8       0x7b ./Core/Startup/startup_stm32wle5jcix.o
 .debug_line    0x0000000000009f23      0x6ff ./LoRaWAN/App/app_lorawan.o
 .debug_line    0x000000000000a622     0x12b6 ./LoRaWAN/App/lora_app.o
 .debug_line    0x000000000000b8d8     0x2442 ./LoRaWAN/App/lora_at.o
 .debug_line    0x000000000000dd1a     0x142f ./LoRaWAN/App/lora_command.o
 .debug_line    0x000000000000f149      0x989 ./LoRaWAN/App/lora_info.o
 .debug_line    0x000000000000fad2     0x13ff ./LoRaWAN/App/test_rf.o

.debug_str      0x0000000000000000    0xbd6c9
 .debug_str     0x0000000000000000    0xb16d0 ./Core/Src/adc.o
                                      0xb2099 (size before relaxing)
 .debug_str     0x00000000000b16d0     0x1667 ./Core/Src/adc_if.o
                                      0xb3572 (size before relaxing)
 .debug_str     0x00000000000b2d37      0x879 ./Core/Src/main.o
                                      0xb2692 (size before relaxing)
 .debug_str     0x00000000000b35b0      0x89b ./Core/Src/rtc.o
                                      0xb242f (size before relaxing)
 .debug_str     0x00000000000b3e4b      0x4ef ./Core/Src/stm32wlxx_it.o
                                      0xb2578 (size before relaxing)
 .debug_str     0x00000000000b433a       0xaa ./Core/Src/subghz.o
                                      0xb20ac (size before relaxing)
 .debug_str     0x00000000000b43e4     0x1b9d ./Core/Src/sys_app.o
                                      0xb4c15 (size before relaxing)
 .debug_str     0x00000000000b5f81       0x4a ./Core/Src/sys_debug.o
                                      0xb30f4 (size before relaxing)
 .debug_str     0x00000000000b5fcb      0x178 ./Core/Src/sys_sensors.o
                                       0x3f0b (size before relaxing)
 .debug_str     0x00000000000b6143       0x9e ./Core/Src/system_stm32wlxx.o
                                      0xa80e1 (size before relaxing)
 .debug_str     0x00000000000b61e1     0x2981 ./Core/Src/timer_if.o
                                      0xb5688 (size before relaxing)
 .debug_str     0x00000000000b8b62      0x10a ./Core/Src/usart.o
                                      0xb27c2 (size before relaxing)
 .debug_str     0x00000000000b8c6c       0x34 ./Core/Startup/startup_stm32wle5jcix.o
                                         0xa0 (size before relaxing)
 .debug_str     0x00000000000b8ca0      0x1e0 ./LoRaWAN/App/app_lorawan.o
                                       0x8508 (size before relaxing)
 .debug_str     0x00000000000b8e80     0x28a3 ./LoRaWAN/App/lora_app.o
                                      0xb6945 (size before relaxing)
 .debug_str     0x00000000000bb723     0x1a7b ./LoRaWAN/App/lora_at.o
                                      0xb722e (size before relaxing)
 .debug_str     0x00000000000bd19e      0x19d ./LoRaWAN/App/lora_command.o
                                      0xb4c8f (size before relaxing)
 .debug_str     0x00000000000bd33b       0x1b ./LoRaWAN/App/lora_info.o
                                       0x9c0b (size before relaxing)
 .debug_str     0x00000000000bd356      0x373 ./LoRaWAN/App/test_rf.o
                                      0xb3e7d (size before relaxing)

.debug_frame    0x0000000000000000     0x1f50
 .debug_frame   0x0000000000000000       0xc4 ./Core/Src/adc.o
 .debug_frame   0x00000000000000c4       0xc0 ./Core/Src/adc_if.o
 .debug_frame   0x0000000000000184      0x164 ./Core/Src/main.o
 .debug_frame   0x00000000000002e8      0x10c ./Core/Src/rtc.o
 .debug_frame   0x00000000000003f4      0x1a4 ./Core/Src/stm32wlxx_it.o
 .debug_frame   0x0000000000000598       0xc4 ./Core/Src/subghz.o
 .debug_frame   0x000000000000065c      0x264 ./Core/Src/sys_app.o
 .debug_frame   0x00000000000008c0       0xa0 ./Core/Src/sys_debug.o
 .debug_frame   0x0000000000000960       0x58 ./Core/Src/sys_sensors.o
 .debug_frame   0x00000000000009b8       0x58 ./Core/Src/system_stm32wlxx.o
 .debug_frame   0x0000000000000a10      0x340 ./Core/Src/timer_if.o
 .debug_frame   0x0000000000000d50      0x158 ./Core/Src/usart.o
 .debug_frame   0x0000000000000ea8       0x48 ./LoRaWAN/App/app_lorawan.o
 .debug_frame   0x0000000000000ef0      0x100 ./LoRaWAN/App/lora_app.o
 .debug_frame   0x0000000000000ff0      0xb90 ./LoRaWAN/App/lora_at.o
 .debug_frame   0x0000000000001b80       0xec ./LoRaWAN/App/lora_command.o
 .debug_frame   0x0000000000001c6c       0x4c ./LoRaWAN/App/lora_info.o
 .debug_frame   0x0000000000001cb8      0x1c4 ./LoRaWAN/App/test_rf.o
 .debug_frame   0x0000000000001e7c       0x20 C:/ST/STM32CubeIDE_1.13.1/STM32CubeIDE/plugins/com.st.stm32cube.ide.mcu.externaltools.gnu-tools-for-stm32.11.3.rel1.win32_1.1.0.202305231506/tools/bin/../lib/gcc/arm-none-eabi/11.3.1/../../../../arm-none-eabi/lib/thumb/v7e-m/nofp\libc_nano.a(libc_a-memset.o)
 .debug_frame   0x0000000000001e9c       0x28 C:/ST/STM32CubeIDE_1.13.1/STM32CubeIDE/plugins/com.st.stm32cube.ide.mcu.externaltools.gnu-tools-for-stm32.11.3.rel1.win32_1.1.0.202305231506/tools/bin/../lib/gcc/arm-none-eabi/11.3.1/../../../../arm-none-eabi/lib/thumb/v7e-m/nofp\libc_nano.a(libc_a-strncmp.o)
 .debug_frame   0x0000000000001ec4       0x2c C:/ST/STM32CubeIDE_1.13.1/STM32CubeIDE/plugins/com.st.stm32cube.ide.mcu.externaltools.gnu-tools-for-stm32.11.3.rel1.win32_1.1.0.202305231506/tools/bin/../lib/gcc/arm-none-eabi/11.3.1/../../../../arm-none-eabi/lib/thumb/v7e-m/nofp\libc_nano.a(libc_a-init.o)
 .debug_frame   0x0000000000001ef0       0x2c C:/ST/STM32CubeIDE_1.13.1/STM32CubeIDE/plugins/com.st.stm32cube.ide.mcu.externaltools.gnu-tools-for-stm32.11.3.rel1.win32_1.1.0.202305231506/tools/bin/../lib/gcc/arm-none-eabi/11.3.1/thumb/v7e-m/nofp\libgcc.a(_aeabi_uldivmod.o)
 .debug_frame   0x0000000000001f1c       0x34 C:/ST/STM32CubeIDE_1.13.1/STM32CubeIDE/plugins/com.st.stm32cube.ide.mcu.externaltools.gnu-tools-for-stm32.11.3.rel1.win32_1.1.0.202305231506/tools/bin/../lib/gcc/arm-none-eabi/11.3.1/thumb/v7e-m/nofp\libgcc.a(_udivmoddi4.o)

.debug_line_str
                0x0000000000000000       0x94
 .debug_line_str
                0x0000000000000000       0x94 ./Core/Startup/startup_stm32wle5jcix.o
                                         0xac (size before relaxing)
