../Core/Src/main.c:96:10:getState	8	static
../Core/Src/main.c:124:5:main	16	static
../Core/Src/main.c:172:13:HODL_Till_BTN	8	static
../Core/Src/main.c:179:13:Auto_Baudrate_Setup	64	static
../Core/Src/main.c:215:17:Capture_PID	24	static
../Core/Src/main.c:242:13:Capture_PID_	56	static
../Core/Src/main.c:260:6:SystemClock_Config	88	static
../Core/Src/main.c:307:13:CAN1_Filter_Config	48	static
../Core/Src/main.c:330:13:MX_CAN1_Init	56	static
../Core/Src/main.c:371:13:MX_GPIO_Init	40	static
../Core/Src/main.c:410:6:Error_Handler	4	static,ignoring_inline_asm
